<html>
<body>
<pre>
<h1>µVision Build Log</h1>
<h2>Tool Versions:</h2>
IDE-Version: ¦ÌVision V5.36.0.0
Copyright (C) 2021 ARM Ltd and ARM Germany GmbH. All rights reserved.
License Information: 1 1, 1, LIC=47GU5-GGZ1H-VETHA-158PQ-VJYCY-VQ6VI
 
Tool Versions:
Toolchain:       MDK-ARM Plus  Version: 5.36.0.0
Toolchain Path:  C:\Keil_v5\ARM\ARMCC\Bin
C Compiler:      Armcc.exe V5.06 update 7 (build 960)
Assembler:       Armasm.exe V5.06 update 7 (build 960)
Linker/Locator:  ArmLink.exe V5.06 update 7 (build 960)
Library Manager: ArmAr.exe V5.06 update 7 (build 960)
Hex Converter:   FromElf.exe V5.06 update 7 (build 960)
CPU DLL:         SARMCM3.DLL V5.36.0.0
Dialog DLL:      DCM.DLL V1.17.3.0
Target DLL:      CMSIS_AGDI.dll V1.33.0.0
Dialog DLL:      TCM.DLL V1.53.0.0
 
<h2>Project:</h2>
C:\Users\SSH\Desktop\MSP432_Quick_entry-master\RNA_ADC_Multi_Channel\project\keil\my_project_ROM.uvprojx
Project File Date:  02/09/2022

<h2>Output:</h2>
*** Using Compiler 'V5.06 update 7 (build 960)', folder: 'C:\Keil_v5\ARM\ARMCC\Bin'
Build target 'my_project'
assembling startup_msp432p401r_uvision.s...
compiling system_msp432p401r.c...
compiling adc.c...
compiling sysinit.c...
compiling main.c...
compiling usart.c...
compiling baudrate_calculate.c...
compiling delay.c...
linking...
Program Size: Code=3936 RO-data=524 RW-data=20 ZI-data=612  
After Build - User command #1: fromelf --bin --output .\Build\my_project_ROM.bin .\Build\my_project_ROM.axf
".\Build\my_project_rom.axf" - 0 Error(s), 0 Warning(s).

<h2>Software Packages used:</h2>

Package Vendor: ARM
                http://www.keil.com/pack/ARM.CMSIS.5.8.0.pack
                ARM.CMSIS.5.8.0
                CMSIS (Common Microcontroller Software Interface Standard)
   * Component: CORE Version: 5.5.0

Package Vendor: TexasInstruments
                http://software-dl.ti.com/msp430/msp430_public_sw/mcu/msp430/mspkeil/latest/exports/TexasInstruments.MSP432.1.0.0.pack
                TexasInstruments.MSP432.1.0.0
                Device Family Pack for Texas Instruments MSP432 Family

<h2>Collection of Component include folders:</h2>
  .\RTE\_my_project
  C:\Users\SSH\AppData\Local\Arm\Packs\ARM\CMSIS\5.8.0\CMSIS\Core\Include
  C:\Users\SSH\AppData\Local\Arm\Packs\TexasInstruments\MSP432\1.0.0\Device\Include

<h2>Collection of Component Files used:</h2>

   * Component: ARM::CMSIS:CORE:5.5.0
Build Time Elapsed:  00:00:02
</pre>
</body>
</html>
