Component: ARM Compiler 5.06 update 7 (build 960) Tool: armlink [4d3601]

==============================================================================

Section Cross References

    system_msp432p401r.o(i.SystemCoreClockUpdate) refers to system_msp432p401r.o(.data) for .data
    startup_msp432p401r_uvision.o(RESET) refers to startup_msp432p401r_uvision.o(STACK) for __initial_sp
    startup_msp432p401r_uvision.o(RESET) refers to startup_msp432p401r_uvision.o(.text) for Reset_Handler
    startup_msp432p401r_uvision.o(RESET) refers to tima.o(i.TA0_0_IRQHandler) for TA0_0_IRQHandler
    startup_msp432p401r_uvision.o(RESET) refers to tima.o(i.TA1_0_IRQHandler) for TA1_0_IRQHandler
    startup_msp432p401r_uvision.o(RESET) refers to tima.o(i.TA2_0_IRQHandler) for TA2_0_IRQHandler
    startup_msp432p401r_uvision.o(RESET) refers to usart.o(i.EUSCIA0_IRQHandler) for EUSCIA0_IRQHandler
    startup_msp432p401r_uvision.o(RESET) refers to tima.o(i.T32_INT1_IRQHandler) for T32_INT1_IRQHandler
    startup_msp432p401r_uvision.o(RESET) refers to tima.o(i.T32_INT2_IRQHandler) for T32_INT2_IRQHandler
    startup_msp432p401r_uvision.o(RESET) refers to adc.o(i.DMA_INT1_IRQHandler) for DMA_INT1_IRQHandler
    startup_msp432p401r_uvision.o(.text) refers to system_msp432p401r.o(i.SystemInit) for SystemInit
    startup_msp432p401r_uvision.o(.text) refers to entry.o(.ARM.Collect$$$$00000000) for __main
    main.o(i.main) refers to sysinit.o(i.SysInit) for SysInit
    main.o(i.main) refers to delay.o(i.delay_init) for delay_init
    main.o(i.main) refers to led.o(i.LED_Init) for LED_Init
    main.o(i.main) refers to usart.o(i.uart_init) for uart_init
    main.o(i.main) refers to tima.o(i.TimA2_Int_Init) for TimA2_Int_Init
    main.o(i.main) refers to tima.o(i.NVIC_Configuration) for NVIC_Configuration
    main.o(i.main) refers to adc.o(i.ADC_Config) for ADC_Config
    main.o(i.main) refers to printfa.o(i.__0printf) for __2printf
    usart.o(i.EUSCIA0_IRQHandler) refers to uart.o(i.UART_getEnabledInterruptStatus) for UART_getEnabledInterruptStatus
    usart.o(i.EUSCIA0_IRQHandler) refers to uart.o(i.UART_transmitData) for UART_transmitData
    usart.o(i.fputc) refers to uart.o(i.UART_transmitData) for UART_transmitData
    usart.o(i.uart_init) refers to memcpya.o(.text) for __aeabi_memcpy4
    usart.o(i.uart_init) refers to baudrate_calculate.o(i.eusci_calcBaudDividers) for eusci_calcBaudDividers
    usart.o(i.uart_init) refers to uart.o(i.UART_initModule) for UART_initModule
    usart.o(i.uart_init) refers to uart.o(i.UART_enableInterrupt) for UART_enableInterrupt
    usart.o(i.uart_init) refers to interrupt.o(i.Interrupt_enableInterrupt) for Interrupt_enableInterrupt
    usart.o(i.uart_init) refers to usart.o(.constdata) for .constdata
    sysinit.o(i.SysInit) refers to cs.o(i.CS_setExternalClockSourceFrequency) for CS_setExternalClockSourceFrequency
    delay.o(i.delay_init) refers to cs.o(i.CS_getMCLK) for CS_getMCLK
    delay.o(i.delay_init) refers to delay.o(.data) for .data
    delay.o(i.delay_ms) refers to delay.o(i.delay_us) for delay_us
    delay.o(i.delay_us) refers to delay.o(.data) for .data
    baudrate_calculate.o(i.eusci_calcBaudDividers) refers to cs.o(i.CS_getSMCLK) for CS_getSMCLK
    baudrate_calculate.o(i.eusci_calcBaudDividers) refers to cs.o(i.CS_getACLK) for CS_getACLK
    baudrate_calculate.o(i.eusci_calcBaudDividers) refers to baudrate_calculate.o(i.bitPosition) for bitPosition
    adc.o(i.ADC_Config) refers to timer_a.o(i.Timer_A_generatePWM) for Timer_A_generatePWM
    adc.o(i.ADC_Config) refers to adc14.o(i.ADC14_enableModule) for ADC14_enableModule
    adc.o(i.ADC_Config) refers to adc14.o(i.ADC14_initModule) for ADC14_initModule
    adc.o(i.ADC_Config) refers to adc14.o(i.ADC14_setSampleHoldTrigger) for ADC14_setSampleHoldTrigger
    adc.o(i.ADC_Config) refers to gpio.o(i.GPIO_setAsPeripheralModuleFunctionInputPin) for GPIO_setAsPeripheralModuleFunctionInputPin
    adc.o(i.ADC_Config) refers to adc14.o(i.ADC14_configureSingleSampleMode) for ADC14_configureSingleSampleMode
    adc.o(i.ADC_Config) refers to adc14.o(i.ADC14_configureConversionMemory) for ADC14_configureConversionMemory
    adc.o(i.ADC_Config) refers to adc14.o(i.ADC14_setResultFormat) for ADC14_setResultFormat
    adc.o(i.ADC_Config) refers to dma.o(i.DMA_enableModule) for DMA_enableModule
    adc.o(i.ADC_Config) refers to dma.o(i.DMA_setControlBase) for DMA_setControlBase
    adc.o(i.ADC_Config) refers to dma.o(i.DMA_disableChannelAttribute) for DMA_disableChannelAttribute
    adc.o(i.ADC_Config) refers to dma.o(i.DMA_setChannelTransfer) for DMA_setChannelTransfer
    adc.o(i.ADC_Config) refers to adc.o(.data) for .data
    adc.o(i.ADC_Config) refers to adc.o(.bss) for .bss
    adc.o(i.DMA_INT1_IRQHandler) refers to dma.o(i.DMA_getChannelAttribute) for DMA_getChannelAttribute
    adc.o(i.DMA_INT1_IRQHandler) refers to dma.o(i.DMA_setChannelControl) for DMA_setChannelControl
[...]
    entry.o(.ARM.Collect$$$$00000000) refers (Special) to entry12b.o(.ARM.Collect$$$$0000000E) for __rt_lib_shutdown_fini
    entry.o(.ARM.Collect$$$$00000000) refers (Special) to entry7b.o(.ARM.Collect$$$$00000008) for _main_clock
    entry.o(.ARM.Collect$$$$00000000) refers (Special) to entry8b.o(.ARM.Collect$$$$0000000A) for _main_cpp_init
    entry.o(.ARM.Collect$$$$00000000) refers (Special) to entry9a.o(.ARM.Collect$$$$0000000B) for _main_init
    entry.o(.ARM.Collect$$$$00000000) refers (Special) to entry5.o(.ARM.Collect$$$$00000004) for _main_scatterload
    entry.o(.ARM.Collect$$$$00000000) refers (Special) to entry2.o(.ARM.Collect$$$$00000001) for _main_stk
    printfb.o(i.__0fprintf$bare) refers to printfb.o(i._printf_core) for _printf_core
    printfb.o(i.__0fprintf$bare) refers to usart.o(i.fputc) for fputc
    printfb.o(i.__0printf$bare) refers to printfb.o(i._printf_core) for _printf_core
    printfb.o(i.__0printf$bare) refers to usart.o(i.fputc) for fputc
    printfb.o(i.__0printf$bare) refers to usart.o(.data) for __stdout
    printfb.o(i.__0snprintf$bare) refers to printfb.o(i._printf_core) for _printf_core
    printfb.o(i.__0snprintf$bare) refers to printfb.o(i._snputc) for _snputc
    printfb.o(i.__0sprintf$bare) refers to printfb.o(i._printf_core) for _printf_core
    printfb.o(i.__0sprintf$bare) refers to printfb.o(i._sputc) for _sputc
    printfb.o(i.__0vfprintf$bare) refers to printfb.o(i._printf_core) for _printf_core
    printfb.o(i.__0vfprintf$bare) refers to usart.o(i.fputc) for fputc
    printfb.o(i.__0vprintf$bare) refers to printfb.o(i._printf_core) for _printf_core
    printfb.o(i.__0vprintf$bare) refers to usart.o(i.fputc) for fputc
    printfb.o(i.__0vprintf$bare) refers to usart.o(.data) for __stdout
    printfb.o(i.__0vsnprintf$bare) refers to printfb.o(i._printf_core) for _printf_core
    printfb.o(i.__0vsnprintf$bare) refers to printfb.o(i._snputc) for _snputc
    printfb.o(i.__0vsprintf$bare) refers to printfb.o(i._printf_core) for _printf_core
    printfb.o(i.__0vsprintf$bare) refers to printfb.o(i._sputc) for _sputc
    printf0.o(i.__0fprintf$0) refers to printf0.o(i._printf_core) for _printf_core
    printf0.o(i.__0fprintf$0) refers to usart.o(i.fputc) for fputc
    printf0.o(i.__0printf$0) refers to printf0.o(i._printf_core) for _printf_core
    printf0.o(i.__0printf$0) refers to usart.o(i.fputc) for fputc
    printf0.o(i.__0printf$0) refers to usart.o(.data) for __stdout
    printf0.o(i.__0snprintf$0) refers to printf0.o(i._printf_core) for _printf_core
    printf0.o(i.__0snprintf$0) refers to printf0.o(i._snputc) for _snputc
    printf0.o(i.__0sprintf$0) refers to printf0.o(i._printf_core) for _printf_core
    printf0.o(i.__0sprintf$0) refers to printf0.o(i._sputc) for _sputc
    printf0.o(i.__0vfprintf$0) refers to printf0.o(i._printf_core) for _printf_core
    printf0.o(i.__0vfprintf$0) refers to usart.o(i.fputc) for fputc
    printf0.o(i.__0vprintf$0) refers to printf0.o(i._printf_core) for _printf_core
    printf0.o(i.__0vprintf$0) refers to usart.o(i.fputc) for fputc
    printf0.o(i.__0vprintf$0) refers to usart.o(.data) for __stdout
    printf0.o(i.__0vsnprintf$0) refers to printf0.o(i._printf_core) for _printf_core
    printf0.o(i.__0vsnprintf$0) refers to printf0.o(i._snputc) for _snputc
    printf0.o(i.__0vsprintf$0) refers to printf0.o(i._printf_core) for _printf_core
    printf0.o(i.__0vsprintf$0) refers to printf0.o(i._sputc) for _sputc
    printf1.o(i.__0fprintf$1) refers to printf1.o(i._printf_core) for _printf_core
    printf1.o(i.__0fprintf$1) refers to usart.o(i.fputc) for fputc
    printf1.o(i.__0printf$1) refers to printf1.o(i._printf_core) for _printf_core
    printf1.o(i.__0printf$1) refers to usart.o(i.fputc) for fputc
    printf1.o(i.__0printf$1) refers to usart.o(.data) for __stdout
    printf1.o(i.__0snprintf$1) refers to printf1.o(i._printf_core) for _printf_core
    printf1.o(i.__0snprintf$1) refers to printf1.o(i._snputc) for _snputc
    printf1.o(i.__0sprintf$1) refers to printf1.o(i._printf_core) for _printf_core
    printf1.o(i.__0sprintf$1) refers to printf1.o(i._sputc) for _sputc
    printf1.o(i.__0vfprintf$1) refers to printf1.o(i._printf_core) for _printf_core
    printf1.o(i.__0vfprintf$1) refers to usart.o(i.fputc) for fputc
    printf1.o(i.__0vprintf$1) refers to printf1.o(i._printf_core) for _printf_core
    printf1.o(i.__0vprintf$1) refers to usart.o(i.fputc) for fputc
    printf1.o(i.__0vprintf$1) refers to usart.o(.data) for __stdout
    printf1.o(i.__0vsnprintf$1) refers to printf1.o(i._printf_core) for _printf_core
    printf1.o(i.__0vsnprintf$1) refers to printf1.o(i._snputc) for _snputc
    printf1.o(i.__0vsprintf$1) refers to printf1.o(i._printf_core) for _printf_core
    printf1.o(i.__0vsprintf$1) refers to printf1.o(i._sputc) for _sputc
    printf1.o(i._printf_core) refers to uidiv.o(.text) for __aeabi_uidivmod
    printf2.o(i.__0fprintf$2) refers to printf2.o(i._printf_core) for _printf_core
    printf2.o(i.__0fprintf$2) refers to usart.o(i.fputc) for fputc
    printf2.o(i.__0printf$2) refers to printf2.o(i._printf_core) for _printf_core
    printf2.o(i.__0printf$2) refers to usart.o(i.fputc) for fputc
    printf2.o(i.__0printf$2) refers to usart.o(.data) for __stdout
    printf2.o(i.__0snprintf$2) refers to printf2.o(i._printf_core) for _printf_core
    printf2.o(i.__0snprintf$2) refers to printf2.o(i._snputc) for _snputc
    printf2.o(i.__0sprintf$2) refers to printf2.o(i._printf_core) for _printf_core
    printf2.o(i.__0sprintf$2) refers to printf2.o(i._sputc) for _sputc
    printf2.o(i.__0vfprintf$2) refers to printf2.o(i._printf_core) for _printf_core
    printf2.o(i.__0vfprintf$2) refers to usart.o(i.fputc) for fputc
    printf2.o(i.__0vprintf$2) refers to printf2.o(i._printf_core) for _printf_core
    printf2.o(i.__0vprintf$2) refers to usart.o(i.fputc) for fputc
    printf2.o(i.__0vprintf$2) refers to usart.o(.data) for __stdout
    printf2.o(i.__0vsnprintf$2) refers to printf2.o(i._printf_core) for _printf_core
    printf2.o(i.__0vsnprintf$2) refers to printf2.o(i._snputc) for _snputc
    printf2.o(i.__0vsprintf$2) refers to printf2.o(i._printf_core) for _printf_core
    printf2.o(i.__0vsprintf$2) refers to printf2.o(i._sputc) for _sputc
    printf3.o(i.__0fprintf$3) refers to printf3.o(i._printf_core) for _printf_core
    printf3.o(i.__0fprintf$3) refers to usart.o(i.fputc) for fputc
    printf3.o(i.__0printf$3) refers to printf3.o(i._printf_core) for _printf_core
    printf3.o(i.__0printf$3) refers to usart.o(i.fputc) for fputc
    printf3.o(i.__0printf$3) refers to usart.o(.data) for __stdout
    printf3.o(i.__0snprintf$3) refers to printf3.o(i._printf_core) for _printf_core
    printf3.o(i.__0snprintf$3) refers to printf3.o(i._snputc) for _snputc
    printf3.o(i.__0sprintf$3) refers to printf3.o(i._printf_core) for _printf_core
    printf3.o(i.__0sprintf$3) refers to printf3.o(i._sputc) for _sputc
    printf3.o(i.__0vfprintf$3) refers to printf3.o(i._printf_core) for _printf_core
    printf3.o(i.__0vfprintf$3) refers to usart.o(i.fputc) for fputc
    printf3.o(i.__0vprintf$3) refers to printf3.o(i._printf_core) for _printf_core
    printf3.o(i.__0vprintf$3) refers to usart.o(i.fputc) for fputc
    printf3.o(i.__0vprintf$3) refers to usart.o(.data) for __stdout
    printf3.o(i.__0vsnprintf$3) refers to printf3.o(i._printf_core) for _printf_core
    printf3.o(i.__0vsnprintf$3) refers to printf3.o(i._snputc) for _snputc
    printf3.o(i.__0vsprintf$3) refers to printf3.o(i._printf_core) for _printf_core
    printf3.o(i.__0vsprintf$3) refers to printf3.o(i._sputc) for _sputc
    printf3.o(i._printf_core) refers to uidiv.o(.text) for __aeabi_uidivmod
    printf4.o(i.__0fprintf$4) refers to printf4.o(i._printf_core) for _printf_core
    printf4.o(i.__0fprintf$4) refers to usart.o(i.fputc) for fputc
    printf4.o(i.__0printf$4) refers to printf4.o(i._printf_core) for _printf_core
    printf4.o(i.__0printf$4) refers to usart.o(i.fputc) for fputc
    printf4.o(i.__0printf$4) refers to usart.o(.data) for __stdout
    printf4.o(i.__0snprintf$4) refers to printf4.o(i._printf_core) for _printf_core
    printf4.o(i.__0snprintf$4) refers to printf4.o(i._snputc) for _snputc
    printf4.o(i.__0sprintf$4) refers to printf4.o(i._printf_core) for _printf_core
    printf4.o(i.__0sprintf$4) refers to printf4.o(i._sputc) for _sputc
    printf4.o(i.__0vfprintf$4) refers to printf4.o(i._printf_core) for _printf_core
    printf4.o(i.__0vfprintf$4) refers to usart.o(i.fputc) for fputc
    printf4.o(i.__0vprintf$4) refers to printf4.o(i._printf_core) for _printf_core
    printf4.o(i.__0vprintf$4) refers to usart.o(i.fputc) for fputc
    printf4.o(i.__0vprintf$4) refers to usart.o(.data) for __stdout
    printf4.o(i.__0vsnprintf$4) refers to printf4.o(i._printf_core) for _printf_core
    printf4.o(i.__0vsnprintf$4) refers to printf4.o(i._snputc) for _snputc
    printf4.o(i.__0vsprintf$4) refers to printf4.o(i._printf_core) for _printf_core
    printf4.o(i.__0vsprintf$4) refers to printf4.o(i._sputc) for _sputc
    printf4.o(i._printf_core) refers to uldiv.o(.text) for __aeabi_uldivmod
    printf5.o(i.__0fprintf$5) refers to printf5.o(i._printf_core) for _printf_core
    printf5.o(i.__0fprintf$5) refers to usart.o(i.fputc) for fputc
    printf5.o(i.__0printf$5) refers to printf5.o(i._printf_core) for _printf_core
    printf5.o(i.__0printf$5) refers to usart.o(i.fputc) for fputc
    printf5.o(i.__0printf$5) refers to usart.o(.data) for __stdout
    printf5.o(i.__0snprintf$5) refers to printf5.o(i._printf_core) for _printf_core
    printf5.o(i.__0snprintf$5) refers to printf5.o(i._snputc) for _snputc
    printf5.o(i.__0sprintf$5) refers to printf5.o(i._printf_core) for _printf_core
    printf5.o(i.__0sprintf$5) refers to printf5.o(i._sputc) for _sputc
    printf5.o(i.__0vfprintf$5) refers to printf5.o(i._printf_core) for _printf_core
    printf5.o(i.__0vfprintf$5) refers to usart.o(i.fputc) for fputc
    printf5.o(i.__0vprintf$5) refers to printf5.o(i._printf_core) for _printf_core
    printf5.o(i.__0vprintf$5) refers to usart.o(i.fputc) for fputc
    printf5.o(i.__0vprintf$5) refers to usart.o(.data) for __stdout
    printf5.o(i.__0vsnprintf$5) refers to printf5.o(i._printf_core) for _printf_core
    printf5.o(i.__0vsnprintf$5) refers to printf5.o(i._snputc) for _snputc
    printf5.o(i.__0vsprintf$5) refers to printf5.o(i._printf_core) for _printf_core
    printf5.o(i.__0vsprintf$5) refers to printf5.o(i._sputc) for _sputc
    printf5.o(i._printf_core) refers to uldiv.o(.text) for __aeabi_uldivmod
    printf6.o(i.__0fprintf$6) refers to printf6.o(i._printf_core) for _printf_core
    printf6.o(i.__0fprintf$6) refers to usart.o(i.fputc) for fputc
    printf6.o(i.__0printf$6) refers to printf6.o(i._printf_core) for _printf_core
    printf6.o(i.__0printf$6) refers to usart.o(i.fputc) for fputc
    printf6.o(i.__0printf$6) refers to usart.o(.data) for __stdout
    printf6.o(i.__0snprintf$6) refers to printf6.o(i._printf_core) for _printf_core
    printf6.o(i.__0snprintf$6) refers to printf6.o(i._snputc) for _snputc
    printf6.o(i.__0sprintf$6) refers to printf6.o(i._printf_core) for _printf_core
    printf6.o(i.__0sprintf$6) refers to printf6.o(i._sputc) for _sputc
    printf6.o(i.__0vfprintf$6) refers to printf6.o(i._printf_core) for _printf_core
    printf6.o(i.__0vfprintf$6) refers to usart.o(i.fputc) for fputc
    printf6.o(i.__0vprintf$6) refers to printf6.o(i._printf_core) for _printf_core
    printf6.o(i.__0vprintf$6) refers to usart.o(i.fputc) for fputc
    printf6.o(i.__0vprintf$6) refers to usart.o(.data) for __stdout
    printf6.o(i.__0vsnprintf$6) refers to printf6.o(i._printf_core) for _printf_core
    printf6.o(i.__0vsnprintf$6) refers to printf6.o(i._snputc) for _snputc
    printf6.o(i.__0vsprintf$6) refers to printf6.o(i._printf_core) for _printf_core
    printf6.o(i.__0vsprintf$6) refers to printf6.o(i._sputc) for _sputc
    printf6.o(i._printf_core) refers to printf6.o(i._printf_pre_padding) for _printf_pre_padding
    printf6.o(i._printf_core) refers to uidiv.o(.text) for __aeabi_uidivmod
    printf6.o(i._printf_core) refers to printf6.o(i._printf_post_padding) for _printf_post_padding
    printf7.o(i.__0fprintf$7) refers to printf7.o(i._printf_core) for _printf_core
    printf7.o(i.__0fprintf$7) refers to usart.o(i.fputc) for fputc
    printf7.o(i.__0printf$7) refers to printf7.o(i._printf_core) for _printf_core
    printf7.o(i.__0printf$7) refers to usart.o(i.fputc) for fputc
    printf7.o(i.__0printf$7) refers to usart.o(.data) for __stdout
    printf7.o(i.__0snprintf$7) refers to printf7.o(i._printf_core) for _printf_core
    printf7.o(i.__0snprintf$7) refers to printf7.o(i._snputc) for _snputc
    printf7.o(i.__0sprintf$7) refers to printf7.o(i._printf_core) for _printf_core
    printf7.o(i.__0sprintf$7) refers to printf7.o(i._sputc) for _sputc
    printf7.o(i.__0vfprintf$7) refers to printf7.o(i._printf_core) for _printf_core
    printf7.o(i.__0vfprintf$7) refers to usart.o(i.fputc) for fputc
    printf7.o(i.__0vprintf$7) refers to printf7.o(i._printf_core) for _printf_core
    printf7.o(i.__0vprintf$7) refers to usart.o(i.fputc) for fputc
    printf7.o(i.__0vprintf$7) refers to usart.o(.data) for __stdout
    printf7.o(i.__0vsnprintf$7) refers to printf7.o(i._printf_core) for _printf_core
    printf7.o(i.__0vsnprintf$7) refers to printf7.o(i._snputc) for _snputc
    printf7.o(i.__0vsprintf$7) refers to printf7.o(i._printf_core) for _printf_core
    printf7.o(i.__0vsprintf$7) refers to printf7.o(i._sputc) for _sputc
    printf7.o(i._printf_core) refers to printf7.o(i._printf_pre_padding) for _printf_pre_padding
    printf7.o(i._printf_core) refers to uldiv.o(.text) for __aeabi_uldivmod
    printf7.o(i._printf_core) refers to printf7.o(i._printf_post_padding) for _printf_post_padding
    printf8.o(i.__0fprintf$8) refers to printf8.o(i._printf_core) for _printf_core
    printf8.o(i.__0fprintf$8) refers to usart.o(i.fputc) for fputc
    printf8.o(i.__0printf$8) refers to printf8.o(i._printf_core) for _printf_core
    printf8.o(i.__0printf$8) refers to usart.o(i.fputc) for fputc
    printf8.o(i.__0printf$8) refers to usart.o(.data) for __stdout
    printf8.o(i.__0snprintf$8) refers to printf8.o(i._printf_core) for _printf_core
    printf8.o(i.__0snprintf$8) refers to printf8.o(i._snputc) for _snputc
    printf8.o(i.__0sprintf$8) refers to printf8.o(i._printf_core) for _printf_core
    printf8.o(i.__0sprintf$8) refers to printf8.o(i._sputc) for _sputc
    printf8.o(i.__0vfprintf$8) refers to printf8.o(i._printf_core) for _printf_core
    printf8.o(i.__0vfprintf$8) refers to usart.o(i.fputc) for fputc
    printf8.o(i.__0vprintf$8) refers to printf8.o(i._printf_core) for _printf_core
    printf8.o(i.__0vprintf$8) refers to usart.o(i.fputc) for fputc
    printf8.o(i.__0vprintf$8) refers to usart.o(.data) for __stdout
    printf8.o(i.__0vsnprintf$8) refers to printf8.o(i._printf_core) for _printf_core
    printf8.o(i.__0vsnprintf$8) refers to printf8.o(i._snputc) for _snputc
    printf8.o(i.__0vsprintf$8) refers to printf8.o(i._printf_core) for _printf_core
    printf8.o(i.__0vsprintf$8) refers to printf8.o(i._sputc) for _sputc
    printf8.o(i._printf_core) refers to printf8.o(i._printf_pre_padding) for _printf_pre_padding
    printf8.o(i._printf_core) refers to uldiv.o(.text) for __aeabi_uldivmod
    printf8.o(i._printf_core) refers to printf8.o(i._printf_post_padding) for _printf_post_padding
    printfa.o(i.__0fprintf) refers (Special) to iusefp.o(.text) for __I$use$fp
    printfa.o(i.__0fprintf) refers to printfa.o(i._printf_core) for _printf_core
    printfa.o(i.__0fprintf) refers to usart.o(i.fputc) for fputc
    printfa.o(i.__0printf) refers (Special) to iusefp.o(.text) for __I$use$fp
    printfa.o(i.__0printf) refers to printfa.o(i._printf_core) for _printf_core
    printfa.o(i.__0printf) refers to usart.o(i.fputc) for fputc
    printfa.o(i.__0printf) refers to usart.o(.data) for __stdout
    printfa.o(i.__0snprintf) refers (Special) to iusefp.o(.text) for __I$use$fp
    printfa.o(i.__0snprintf) refers to printfa.o(i._printf_core) for _printf_core
    printfa.o(i.__0snprintf) refers to printfa.o(i._snputc) for _snputc
    printfa.o(i.__0sprintf) refers (Special) to iusefp.o(.text) for __I$use$fp
    printfa.o(i.__0sprintf) refers to printfa.o(i._printf_core) for _printf_core
    printfa.o(i.__0sprintf) refers to printfa.o(i._sputc) for _sputc
    printfa.o(i.__0vfprintf) refers (Special) to iusefp.o(.text) for __I$use$fp
    printfa.o(i.__0vfprintf) refers to printfa.o(i._printf_core) for _printf_core
    printfa.o(i.__0vfprintf) refers to usart.o(i.fputc) for fputc
    printfa.o(i.__0vprintf) refers (Special) to iusefp.o(.text) for __I$use$fp
    printfa.o(i.__0vprintf) refers to printfa.o(i._printf_core) for _printf_core
    printfa.o(i.__0vprintf) refers to usart.o(i.fputc) for fputc
    printfa.o(i.__0vprintf) refers to usart.o(.data) for __stdout
    printfa.o(i.__0vsnprintf) refers (Special) to iusefp.o(.text) for __I$use$fp
    printfa.o(i.__0vsnprintf) refers to printfa.o(i._printf_core) for _printf_core
    printfa.o(i.__0vsnprintf) refers to printfa.o(i._snputc) for _snputc
    printfa.o(i.__0vsprintf) refers (Special) to iusefp.o(.text) for __I$use$fp
    printfa.o(i.__0vsprintf) refers to printfa.o(i._printf_core) for _printf_core
    printfa.o(i.__0vsprintf) refers to printfa.o(i._sputc) for _sputc
    printfa.o(i._fp_digits) refers (Special) to iusefp.o(.text) for __I$use$fp
    printfa.o(i._fp_digits) refers to dmul.o(.text) for __aeabi_dmul
    printfa.o(i._fp_digits) refers to ddiv.o(.text) for __aeabi_ddiv
    printfa.o(i._fp_digits) refers to cdrcmple.o(.text) for __aeabi_cdrcmple
    printfa.o(i._fp_digits) refers to dadd.o(.text) for __aeabi_dadd
    printfa.o(i._fp_digits) refers to dfixul.o(.text) for __aeabi_d2ulz
    printfa.o(i._fp_digits) refers to uldiv.o(.text) for __aeabi_uldivmod
    printfa.o(i._printf_core) refers (Special) to iusefp.o(.text) for __I$use$fp
    printfa.o(i._printf_core) refers to printfa.o(i._printf_pre_padding) for _printf_pre_padding
    printfa.o(i._printf_core) refers to uldiv.o(.text) for __aeabi_uldivmod
    printfa.o(i._printf_core) refers to printfa.o(i._printf_post_padding) for _printf_post_padding
    printfa.o(i._printf_core) refers to printfa.o(i._fp_digits) for _fp_digits
    printfa.o(i._printf_core) refers to uidiv.o(.text) for __aeabi_uidivmod
    printfa.o(i._printf_post_padding) refers (Special) to iusefp.o(.text) for __I$use$fp
    printfa.o(i._printf_pre_padding) refers (Special) to iusefp.o(.text) for __I$use$fp
    printfa.o(i._snputc) refers (Special) to iusefp.o(.text) for __I$use$fp
    printfa.o(i._sputc) refers (Special) to iusefp.o(.text) for __I$use$fp
    f2d.o(.text) refers (Special) to iusefp.o(.text) for __I$use$fp
    entry2.o(.ARM.Collect$$$$00000001) refers to entry2.o(.ARM.Collect$$$$00002712) for __lit__00000000
    entry2.o(.ARM.Collect$$$$00002712) refers to startup_msp432p401r_uvision.o(STACK) for __initial_sp
    entry2.o(__vectab_stack_and_reset_area) refers to startup_msp432p401r_uvision.o(STACK) for __initial_sp
    entry2.o(__vectab_stack_and_reset_area) refers to entry.o(.ARM.Collect$$$$00000000) for __main
    entry5.o(.ARM.Collect$$$$00000004) refers to init.o(.text) for __scatterload
    entry9a.o(.ARM.Collect$$$$0000000B) refers to main.o(i.main) for main
    entry9b.o(.ARM.Collect$$$$0000000C) refers to main.o(i.main) for main
    uldiv.o(.text) refers to llushr.o(.text) for __aeabi_llsr
    uldiv.o(.text) refers to llshl.o(.text) for __aeabi_llsl
    dadd.o(.text) refers to llshl.o(.text) for __aeabi_llsl
    dadd.o(.text) refers to llsshr.o(.text) for __aeabi_lasr
    dadd.o(.text) refers to depilogue.o(.text) for _double_epilogue
    dmul.o(.text) refers to depilogue.o(.text) for _double_epilogue
    ddiv.o(.text) refers to depilogue.o(.text) for _double_round
    dfixul.o(.text) refers to llushr.o(.text) for __aeabi_llsr
    dfixul.o(.text) refers to llshl.o(.text) for __aeabi_llsl
    init.o(.text) refers to entry5.o(.ARM.Collect$$$$00000004) for __main_after_scatterload
    depilogue.o(.text) refers to llshl.o(.text) for __aeabi_llsl
    depilogue.o(.text) refers to llushr.o(.text) for __aeabi_llsr


==============================================================================

Removing Unused input sections from the image.

    Removing system_msp432p401r.o(.rev16_text), (4 bytes).
    Removing system_msp432p401r.o(.revsh_text), (4 bytes).
    Removing system_msp432p401r.o(.rrx_text), (6 bytes).
    Removing system_msp432p401r.o(i.SystemCoreClockUpdate), (452 bytes).
    Removing system_msp432p401r.o(.data), (4 bytes).
    Removing startup_msp432p401r_uvision.o(HEAP), (0 bytes).
    Removing main.o(.rev16_text), (4 bytes).
    Removing main.o(.revsh_text), (4 bytes).
    Removing main.o(.rrx_text), (6 bytes).
    Removing usart.o(.rev16_text), (4 bytes).
    Removing usart.o(.revsh_text), (4 bytes).
    Removing usart.o(.rrx_text), (6 bytes).
    Removing usart.o(i._sys_exit), (2 bytes).
    Removing sysinit.o(.rev16_text), (4 bytes).
    Removing sysinit.o(.revsh_text), (4 bytes).
    Removing sysinit.o(.rrx_text), (6 bytes).
    Removing delay.o(.rev16_text), (4 bytes).
    Removing delay.o(.revsh_text), (4 bytes).
    Removing delay.o(.rrx_text), (6 bytes).
    Removing delay.o(i.delay_ms), (24 bytes).
    Removing delay.o(i.delay_us), (52 bytes).
    Removing baudrate_calculate.o(.rev16_text), (4 bytes).
    Removing baudrate_calculate.o(.revsh_text), (4 bytes).
    Removing baudrate_calculate.o(.rrx_text), (6 bytes).
    Removing adc.o(.rev16_text), (4 bytes).
    Removing adc.o(.revsh_text), (4 bytes).
    Removing adc.o(.rrx_text), (6 bytes).
    Removing led.o(.rev16_text), (4 bytes).
    Removing led.o(.revsh_text), (4 bytes).
    Removing led.o(.rrx_text), (6 bytes).
    Removing led.o(i.LED_B_Off), (16 bytes).
    Removing led.o(i.LED_B_On), (16 bytes).
    Removing led.o(i.LED_B_Tog), (20 bytes).
    Removing led.o(i.LED_C_On), (20 bytes).
    Removing led.o(i.LED_G_Off), (16 bytes).
    Removing led.o(i.LED_G_On), (16 bytes).
    Removing led.o(i.LED_G_Tog), (20 bytes).
    Removing led.o(i.LED_P_On), (20 bytes).
    Removing led.o(i.LED_RED_Off), (16 bytes).
    Removing led.o(i.LED_RED_On), (16 bytes).
    Removing led.o(i.LED_RED_Tog), (20 bytes).
    Removing led.o(i.LED_R_Off), (16 bytes).
    Removing led.o(i.LED_R_On), (16 bytes).
    Removing led.o(i.LED_R_Tog), (20 bytes).
    Removing led.o(i.LED_W_Off), (20 bytes).
    Removing led.o(i.LED_W_On), (20 bytes).
    Removing led.o(i.LED_W_Tog), (18 bytes).
    Removing led.o(i.LED_Y_On), (20 bytes).
    Removing tima.o(.rev16_text), (4 bytes).
    Removing tima.o(.revsh_text), (4 bytes).
    Removing tima.o(.rrx_text), (6 bytes).
    Removing tima.o(i.Tim32_0_Int_Init), (76 bytes).
    Removing tima.o(i.Tim32_1_Int_Init), (76 bytes).
    Removing tima.o(i.TimA0_Int_Init), (84 bytes).
    Removing tima.o(i.TimA1_Int_Init), (84 bytes).
    Removing adc14.o(.rev16_text), (4 bytes).
    Removing adc14.o(.revsh_text), (4 bytes).
    Removing adc14.o(.rrx_text), (6 bytes).
    Removing adc14.o(i.ADC14_clearInterruptFlag), (28 bytes).
    Removing adc14.o(i.ADC14_configureMultiSequenceMode), (124 bytes).
    Removing adc14.o(i.ADC14_disableComparatorWindow), (64 bytes).
    Removing adc14.o(i.ADC14_disableConversion), (16 bytes).
    Removing adc14.o(i.ADC14_disableInterrupt), (28 bytes).
    Removing adc14.o(i.ADC14_disableModule), (28 bytes).
    Removing adc14.o(i.ADC14_disableReferenceBurst), (28 bytes).
    Removing adc14.o(i.ADC14_disableSampleTimer), (28 bytes).
    Removing adc14.o(i.ADC14_enableComparatorWindow), (96 bytes).
    Removing adc14.o(i.ADC14_enableConversion), (40 bytes).
    Removing adc14.o(i.ADC14_enableInterrupt), (28 bytes).
    Removing adc14.o(i.ADC14_enableReferenceBurst), (28 bytes).
    Removing adc14.o(i.ADC14_enableSampleTimer), (40 bytes).
    Removing adc14.o(i.ADC14_getEnabledInterruptStatus), (28 bytes).
    Removing adc14.o(i.ADC14_getInterruptStatus), (16 bytes).
    Removing adc14.o(i.ADC14_getMultiSequenceResult), (44 bytes).
    Removing adc14.o(i.ADC14_getResolution), (16 bytes).
    Removing adc14.o(i.ADC14_getResult), (32 bytes).
    Removing adc14.o(i.ADC14_getResultArray), (92 bytes).
    Removing adc14.o(i.ADC14_isBusy), (20 bytes).
    Removing adc14.o(i.ADC14_registerInterrupt), (20 bytes).
    Removing adc14.o(i.ADC14_setComparatorWindowValue), (76 bytes).
    Removing adc14.o(i.ADC14_setPowerMode), (48 bytes).
    Removing adc14.o(i.ADC14_setResolution), (20 bytes).
    Removing adc14.o(i.ADC14_setSampleHoldTime), (40 bytes).
    Removing adc14.o(i.ADC14_toggleConversionTrigger), (32 bytes).
    Removing adc14.o(i.ADC14_unregisterInterrupt), (18 bytes).
    Removing cs.o(.rev16_text), (4 bytes).
    Removing cs.o(.revsh_text), (4 bytes).
    Removing cs.o(.rrx_text), (6 bytes).
    Removing cs.o(i.CS_disableClockRequest), (36 bytes).
    Removing cs.o(i.CS_disableDCOExternalResistor), (32 bytes).
    Removing cs.o(i.CS_disableFaultCounter), (40 bytes).
    Removing cs.o(i.CS_disableInterrupt), (36 bytes).
    Removing cs.o(i.CS_enableClockRequest), (36 bytes).
    Removing cs.o(i.CS_enableDCOExternalResistor), (28 bytes).
    Removing cs.o(i.CS_enableFaultCounter), (40 bytes).
    Removing cs.o(i.CS_enableInterrupt), (36 bytes).
    Removing cs.o(i.CS_getBCLK), (28 bytes).
    Removing cs.o(i.CS_getEnabledInterruptStatus), (20 bytes).
    Removing cs.o(i.CS_getHSMCLK), (24 bytes).
    Removing cs.o(i.CS_getInterruptStatus), (12 bytes).
    Removing cs.o(i.CS_initClockSignal), (232 bytes).
    Removing cs.o(i.CS_registerInterrupt), (20 bytes).
    Removing cs.o(i.CS_resetFaultCounter), (40 bytes).
    Removing cs.o(i.CS_setDCOCenteredFrequency), (36 bytes).
    Removing cs.o(i.CS_setDCOExternalResistorCalibration), (100 bytes).
    Removing cs.o(i.CS_setDCOFrequency), (300 bytes).
    Removing cs.o(i.CS_setReferenceOscillatorFrequency), (32 bytes).
    Removing cs.o(i.CS_startFaultCounter), (52 bytes).
    Removing cs.o(i.CS_startHFXT), (6 bytes).
    Removing cs.o(i.CS_startHFXTWithTimeout), (160 bytes).
    Removing cs.o(i.CS_startLFXT), (6 bytes).
    Removing cs.o(i.CS_startLFXTWithTimeout), (160 bytes).
    Removing cs.o(i.CS_tuneDCOFrequency), (52 bytes).
    Removing cs.o(i.CS_unregisterInterrupt), (18 bytes).
    Removing cs.o(i._CSGetHFXTFrequency), (152 bytes).
    Removing dma.o(.rev16_text), (4 bytes).
    Removing dma.o(.revsh_text), (4 bytes).
    Removing dma.o(.rrx_text), (6 bytes).
    Removing dma.o(i.DMA_assignChannel), (268 bytes).
    Removing dma.o(i.DMA_assignInterrupt), (72 bytes).
    Removing dma.o(i.DMA_clearErrorStatus), (12 bytes).
    Removing dma.o(i.DMA_clearInterruptFlag), (24 bytes).
    Removing dma.o(i.DMA_disableChannel), (20 bytes).
    Removing dma.o(i.DMA_disableInterrupt), (60 bytes).
    Removing dma.o(i.DMA_disableModule), (36 bytes).
    Removing dma.o(i.DMA_enableChannel), (20 bytes).
    Removing dma.o(i.DMA_enableChannelAttribute), (56 bytes).
    Removing dma.o(i.DMA_enableInterrupt), (60 bytes).
    Removing dma.o(i.DMA_getChannelMode), (44 bytes).
    Removing dma.o(i.DMA_getChannelSize), (32 bytes).
    Removing dma.o(i.DMA_getControlAlternateBase), (12 bytes).
    Removing dma.o(i.DMA_getControlBase), (12 bytes).
    Removing dma.o(i.DMA_getErrorStatus), (12 bytes).
    Removing dma.o(i.DMA_getInterruptStatus), (12 bytes).
    Removing dma.o(i.DMA_isChannelEnabled), (28 bytes).
    Removing dma.o(i.DMA_registerInterrupt), (18 bytes).
    Removing dma.o(i.DMA_requestChannel), (20 bytes).
    Removing dma.o(i.DMA_requestSoftwareTransfer), (20 bytes).
    Removing dma.o(i.DMA_setChannelScatterGather), (72 bytes).
    Removing dma.o(i.DMA_unregisterInterrupt), (18 bytes).
    Removing gpio.o(.rev16_text), (4 bytes).
    Removing gpio.o(.revsh_text), (4 bytes).
    Removing gpio.o(.rrx_text), (6 bytes).
    Removing gpio.o(i.GPIO_clearInterruptFlag), (20 bytes).
    Removing gpio.o(i.GPIO_disableInterrupt), (20 bytes).
    Removing gpio.o(i.GPIO_enableInterrupt), (20 bytes).
    Removing gpio.o(i.GPIO_getEnabledInterruptStatus), (56 bytes).
    Removing gpio.o(i.GPIO_getInputPinValue), (20 bytes).
    Removing gpio.o(i.GPIO_getInterruptStatus), (16 bytes).
    Removing gpio.o(i.GPIO_interruptEdgeSelect), (28 bytes).
    Removing gpio.o(i.GPIO_registerInterrupt), (28 bytes).
    Removing gpio.o(i.GPIO_setAsInputPin), (36 bytes).
    Removing gpio.o(i.GPIO_setAsInputPinWithPullDownResistor), (44 bytes).
    Removing gpio.o(i.GPIO_setAsInputPinWithPullUpResistor), (44 bytes).
    Removing gpio.o(i.GPIO_setAsOutputPin), (32 bytes).
    Removing gpio.o(i.GPIO_setAsPeripheralModuleFunctionOutputPin), (60 bytes).
    Removing gpio.o(i.GPIO_setDriveStrengthHigh), (20 bytes).
    Removing gpio.o(i.GPIO_setDriveStrengthLow), (20 bytes).
    Removing gpio.o(i.GPIO_setOutputHighOnPin), (20 bytes).
    Removing gpio.o(i.GPIO_setOutputLowOnPin), (20 bytes).
    Removing gpio.o(i.GPIO_toggleOutputOnPin), (20 bytes).
    Removing gpio.o(i.GPIO_unregisterInterrupt), (28 bytes).
    Removing interrupt.o(.rev16_text), (4 bytes).
    Removing interrupt.o(.revsh_text), (4 bytes).
    Removing interrupt.o(.rrx_text), (6 bytes).
    Removing interrupt.o(i.IntDefaultHandler), (2 bytes).
    Removing interrupt.o(i.Interrupt_disableInterrupt), (92 bytes).
    Removing interrupt.o(i.Interrupt_disableMaster), (14 bytes).
    Removing interrupt.o(i.Interrupt_disableSleepOnIsrExit), (16 bytes).
    Removing interrupt.o(i.Interrupt_enableMaster), (14 bytes).
    Removing interrupt.o(i.Interrupt_enableSleepOnIsrExit), (16 bytes).
    Removing interrupt.o(i.Interrupt_getPriority), (24 bytes).
    Removing interrupt.o(i.Interrupt_getPriorityGrouping), (36 bytes).
    Removing interrupt.o(i.Interrupt_getPriorityMask), (10 bytes).
    Removing interrupt.o(i.Interrupt_getVectorTableAddress), (12 bytes).
    Removing interrupt.o(i.Interrupt_isEnabled), (100 bytes).
    Removing interrupt.o(i.Interrupt_pendInterrupt), (76 bytes).
    Removing interrupt.o(i.Interrupt_registerInterrupt), (48 bytes).
    Removing interrupt.o(i.Interrupt_setPriority), (36 bytes).
    Removing interrupt.o(i.Interrupt_setPriorityMask), (4 bytes).
    Removing interrupt.o(i.Interrupt_setVectorTableAddress), (12 bytes).
    Removing interrupt.o(i.Interrupt_unpendInterrupt), (64 bytes).
    Removing interrupt.o(i.Interrupt_unregisterInterrupt), (20 bytes).
    Removing interrupt.o(vtable), (232 bytes).
    Removing timer_a.o(.rev16_text), (4 bytes).
    Removing timer_a.o(.revsh_text), (4 bytes).
    Removing timer_a.o(.rrx_text), (6 bytes).
    Removing timer_a.o(i.Timer_A_clearCaptureCompareInterrupt), (26 bytes).
    Removing timer_a.o(i.Timer_A_clearInterruptFlag), (12 bytes).
    Removing timer_a.o(i.Timer_A_clearTimer), (12 bytes).
    Removing timer_a.o(i.Timer_A_configureContinuousMode), (40 bytes).
    Removing timer_a.o(i.Timer_A_configureUpDownMode), (70 bytes).
    Removing timer_a.o(i.Timer_A_configureUpMode), (70 bytes).
    Removing timer_a.o(i.Timer_A_disableCaptureCompareInterrupt), (26 bytes).
    Removing timer_a.o(i.Timer_A_disableInterrupt), (12 bytes).
    Removing timer_a.o(i.Timer_A_enableCaptureCompareInterrupt), (26 bytes).
    Removing timer_a.o(i.Timer_A_enableInterrupt), (12 bytes).
    Removing timer_a.o(i.Timer_A_getCaptureCompareCount), (16 bytes).
    Removing timer_a.o(i.Timer_A_getCaptureCompareEnabledInterruptStatus), (34 bytes).
    Removing timer_a.o(i.Timer_A_getCaptureCompareInterruptStatus), (18 bytes).
    Removing timer_a.o(i.Timer_A_getCounterValue), (28 bytes).
    Removing timer_a.o(i.Timer_A_getEnabledInterruptStatus), (18 bytes).
    Removing timer_a.o(i.Timer_A_getInterruptStatus), (8 bytes).
    Removing timer_a.o(i.Timer_A_getOutputForOutputModeOutBitValue), (30 bytes).
    Removing timer_a.o(i.Timer_A_getSynchronizedCaptureCompareInput), (22 bytes).
    Removing timer_a.o(i.Timer_A_initCapture), (52 bytes).
    Removing timer_a.o(i.Timer_A_initCompare), (38 bytes).
    Removing timer_a.o(i.Timer_A_registerInterrupt), (164 bytes).
    Removing timer_a.o(i.Timer_A_setCompareValue), (16 bytes).
    Removing timer_a.o(i.Timer_A_setOutputForOutputModeOutBitValue), (24 bytes).
    Removing timer_a.o(i.Timer_A_startCounter), (8 bytes).
    Removing timer_a.o(i.Timer_A_stopTimer), (10 bytes).
    Removing timer_a.o(i.Timer_A_unregisterInterrupt), (140 bytes).
    Removing uart.o(.rev16_text), (4 bytes).
    Removing uart.o(.revsh_text), (4 bytes).
    Removing uart.o(.rrx_text), (6 bytes).
    Removing uart.o(i.UART_clearInterruptFlag), (8 bytes).
    Removing uart.o(i.UART_disableInterrupt), (22 bytes).
    Removing uart.o(i.UART_disableModule), (12 bytes).
    Removing uart.o(i.UART_enableModule), (12 bytes).
    Removing uart.o(i.UART_getInterruptStatus), (6 bytes).
    Removing uart.o(i.UART_getReceiveBufferAddressForDMA), (4 bytes).
    Removing uart.o(i.UART_getTransmitBufferAddressForDMA), (4 bytes).
    Removing uart.o(i.UART_queryStatusFlags), (6 bytes).
    Removing uart.o(i.UART_receiveData), (24 bytes).
    Removing uart.o(i.UART_registerInterrupt), (80 bytes).
    Removing uart.o(i.UART_resetDormant), (12 bytes).
    Removing uart.o(i.UART_selectDeglitchTime), (12 bytes).
    Removing uart.o(i.UART_setDormant), (12 bytes).
    Removing uart.o(i.UART_transmitAddress), (14 bytes).
    Removing uart.o(i.UART_transmitBreak), (44 bytes).
    Removing uart.o(i.UART_unregisterInterrupt), (80 bytes).
    Removing cpu.o(.rev16_text), (4 bytes).
    Removing cpu.o(.revsh_text), (4 bytes).
    Removing cpu.o(.rrx_text), (6 bytes).
    Removing cpu.o(.emb_text), (38 bytes).
    Removing sysctl_a.o(.rev16_text), (4 bytes).
    Removing sysctl_a.o(.revsh_text), (4 bytes).
    Removing sysctl_a.o(.rrx_text), (6 bytes).
    Removing sysctl_a.o(i.SysCtl_A_disableGlitchFilter), (16 bytes).
    Removing sysctl_a.o(i.SysCtl_A_disableNMISource), (16 bytes).
    Removing sysctl_a.o(i.SysCtl_A_disablePeripheralAtCPUHalt), (16 bytes).
    Removing sysctl_a.o(i.SysCtl_A_disableSRAM), (96 bytes).
    Removing sysctl_a.o(i.SysCtl_A_disableSRAMRetention), (272 bytes).
    Removing sysctl_a.o(i.SysCtl_A_enableGlitchFilter), (16 bytes).
    Removing sysctl_a.o(i.SysCtl_A_enableNMISource), (16 bytes).
    Removing sysctl_a.o(i.SysCtl_A_enablePeripheralAtCPUHalt), (16 bytes).
    Removing sysctl_a.o(i.SysCtl_A_enableSRAM), (96 bytes).
    Removing sysctl_a.o(i.SysCtl_A_enableSRAMRetention), (284 bytes).
    Removing sysctl_a.o(i.SysCtl_A_getFlashSize), (12 bytes).
    Removing sysctl_a.o(i.SysCtl_A_getInfoFlashSize), (12 bytes).
    Removing sysctl_a.o(i.SysCtl_A_getNMISourceStatus), (16 bytes).
    Removing sysctl_a.o(i.SysCtl_A_getSRAMSize), (12 bytes).
    Removing sysctl_a.o(i.SysCtl_A_getTempCalibrationConstant), (12 bytes).
    Removing sysctl_a.o(i.SysCtl_A_rebootDevice), (16 bytes).
    Removing sysctl_a.o(i.SysCtl_A_setWDTPasswordViolationResetType), (28 bytes).
    Removing sysctl_a.o(i.SysCtl_A_setWDTTimeoutResetType), (28 bytes).

257 unused section(s) (total 8854 bytes) removed from the image.

==============================================================================

Image Symbol Table

    Local Symbols

    Symbol Name                              Value     Ov Type        Size  Object(Section)

    RESET                                    0x00000000   Section      324  startup_msp432p401r_uvision.o(RESET)
    ../clib/microlib/division.c              0x00000000   Number         0  uldiv.o ABSOLUTE
    ../clib/microlib/division.c              0x00000000   Number         0  uidiv.o ABSOLUTE
    ../clib/microlib/init/entry.s            0x00000000   Number         0  entry2.o ABSOLUTE
    ../clib/microlib/init/entry.s            0x00000000   Number         0  entry12b.o ABSOLUTE
    ../clib/microlib/init/entry.s            0x00000000   Number         0  entry9a.o ABSOLUTE
    ../clib/microlib/init/entry.s            0x00000000   Number         0  entry8b.o ABSOLUTE
    ../clib/microlib/init/entry.s            0x00000000   Number         0  entry9b.o ABSOLUTE
    ../clib/microlib/init/entry.s            0x00000000   Number         0  entry.o ABSOLUTE
    ../clib/microlib/init/entry.s            0x00000000   Number         0  entry8a.o ABSOLUTE
    ../clib/microlib/init/entry.s            0x00000000   Number         0  entry7b.o ABSOLUTE
    ../clib/microlib/init/entry.s            0x00000000   Number         0  entry10a.o ABSOLUTE
    ../clib/microlib/init/entry.s            0x00000000   Number         0  entry7a.o ABSOLUTE
    ../clib/microlib/init/entry.s            0x00000000   Number         0  entry10b.o ABSOLUTE
    ../clib/microlib/init/entry.s            0x00000000   Number         0  entry11a.o ABSOLUTE
    ../clib/microlib/init/entry.s            0x00000000   Number         0  entry11b.o ABSOLUTE
    ../clib/microlib/init/entry.s            0x00000000   Number         0  entry12a.o ABSOLUTE
    ../clib/microlib/init/entry.s            0x00000000   Number         0  entry5.o ABSOLUTE
    ../clib/microlib/longlong.c              0x00000000   Number         0  llshl.o ABSOLUTE
    ../clib/microlib/longlong.c              0x00000000   Number         0  llushr.o ABSOLUTE
    ../clib/microlib/longlong.c              0x00000000   Number         0  llsshr.o ABSOLUTE
    ../clib/microlib/printf/printf.c         0x00000000   Number         0  printf6.o ABSOLUTE
    ../clib/microlib/printf/printf.c         0x00000000   Number         0  printf5.o ABSOLUTE
    ../clib/microlib/printf/printf.c         0x00000000   Number         0  printf3.o ABSOLUTE
    ../clib/microlib/printf/printf.c         0x00000000   Number         0  printf2.o ABSOLUTE
    ../clib/microlib/printf/printf.c         0x00000000   Number         0  printf1.o ABSOLUTE
    ../clib/microlib/printf/printf.c         0x00000000   Number         0  printf0.o ABSOLUTE
    ../clib/microlib/printf/printf.c         0x00000000   Number         0  printfb.o ABSOLUTE
    ../clib/microlib/printf/printf.c         0x00000000   Number         0  printfa.o ABSOLUTE
    ../clib/microlib/printf/printf.c         0x00000000   Number         0  printf8.o ABSOLUTE
    ../clib/microlib/printf/printf.c         0x00000000   Number         0  printf7.o ABSOLUTE
    ../clib/microlib/printf/printf.c         0x00000000   Number         0  printf4.o ABSOLUTE
    ../clib/microlib/printf/stubs.s          0x00000000   Number         0  stubs.o ABSOLUTE
    ../clib/microlib/string/memcpy.c         0x00000000   Number         0  memcpya.o ABSOLUTE
    ../clib/microlib/string/memcpy.c         0x00000000   Number         0  memcpyb.o ABSOLUTE
    ../clib/microlib/stubs.s                 0x00000000   Number         0  iusefp.o ABSOLUTE
    ../clib/microlib/stubs.s                 0x00000000   Number         0  useno.o ABSOLUTE
    ../fplib/microlib/f2d.c                  0x00000000   Number         0  f2d.o ABSOLUTE
    ../fplib/microlib/fpadd.c                0x00000000   Number         0  dadd.o ABSOLUTE
    ../fplib/microlib/fpdiv.c                0x00000000   Number         0  ddiv.o ABSOLUTE
    ../fplib/microlib/fpepilogue.c           0x00000000   Number         0  depilogue.o ABSOLUTE
    ../fplib/microlib/fpfix.c                0x00000000   Number         0  dfixul.o ABSOLUTE
    ../fplib/microlib/fpmul.c                0x00000000   Number         0  dmul.o ABSOLUTE
    ..\..\hardware\led.c                     0x00000000   Number         0  led.o ABSOLUTE
    ..\..\hardware\timA.c                    0x00000000   Number         0  tima.o ABSOLUTE
    ..\..\main.c                             0x00000000   Number         0  main.o ABSOLUTE
    ..\..\sys\adc.c                          0x00000000   Number         0  adc.o ABSOLUTE
    ..\..\sys\baudrate_calculate.c           0x00000000   Number         0  baudrate_calculate.o ABSOLUTE
    ..\..\sys\delay.c                        0x00000000   Number         0  delay.o ABSOLUTE
    ..\..\sys\sysinit.c                      0x00000000   Number         0  sysinit.o ABSOLUTE
    ..\..\sys\usart.c                        0x00000000   Number         0  usart.o ABSOLUTE
    ..\..\system_msp432p401r.c               0x00000000   Number         0  system_msp432p401r.o ABSOLUTE
    ..\\..\\hardware\\led.c                  0x00000000   Number         0  led.o ABSOLUTE
    ..\\..\\hardware\\timA.c                 0x00000000   Number         0  tima.o ABSOLUTE
    ..\\..\\main.c                           0x00000000   Number         0  main.o ABSOLUTE
    ..\\..\\sys\\adc.c                       0x00000000   Number         0  adc.o ABSOLUTE
    ..\\..\\sys\\baudrate_calculate.c        0x00000000   Number         0  baudrate_calculate.o ABSOLUTE
    ..\\..\\sys\\delay.c                     0x00000000   Number         0  delay.o ABSOLUTE
    ..\\..\\sys\\sysinit.c                   0x00000000   Number         0  sysinit.o ABSOLUTE
    ..\\..\\sys\\usart.c                     0x00000000   Number         0  usart.o ABSOLUTE
    ..\\..\\system_msp432p401r.c             0x00000000   Number         0  system_msp432p401r.o ABSOLUTE
    cdrcmple.s                               0x00000000   Number         0  cdrcmple.o ABSOLUTE
    dc.s                                     0x00000000   Number         0  dc.o ABSOLUTE
    handlers.s                               0x00000000   Number         0  handlers.o ABSOLUTE
    init.s                                   0x00000000   Number         0  init.o ABSOLUTE
    source/ti/devices/msp432p4xx/driverlib/adc14.c 0x00000000   Number         0  adc14.o ABSOLUTE
    source/ti/devices/msp432p4xx/driverlib/adc14.c 0x00000000   Number         0  adc14.o ABSOLUTE
    source/ti/devices/msp432p4xx/driverlib/cpu.c 0x00000000   Number         0  cpu.o ABSOLUTE
    source/ti/devices/msp432p4xx/driverlib/cpu.c 0x00000000   Number         0  cpu.o ABSOLUTE
    source/ti/devices/msp432p4xx/driverlib/cs.c 0x00000000   Number         0  cs.o ABSOLUTE
    source/ti/devices/msp432p4xx/driverlib/cs.c 0x00000000   Number         0  cs.o ABSOLUTE
    source/ti/devices/msp432p4xx/driverlib/dma.c 0x00000000   Number         0  dma.o ABSOLUTE
    source/ti/devices/msp432p4xx/driverlib/dma.c 0x00000000   Number         0  dma.o ABSOLUTE
    source/ti/devices/msp432p4xx/driverlib/gpio.c 0x00000000   Number         0  gpio.o ABSOLUTE
    source/ti/devices/msp432p4xx/driverlib/gpio.c 0x00000000   Number         0  gpio.o ABSOLUTE
    source/ti/devices/msp432p4xx/driverlib/interrupt.c 0x00000000   Number         0  interrupt.o ABSOLUTE
    source/ti/devices/msp432p4xx/driverlib/interrupt.c 0x00000000   Number         0  interrupt.o ABSOLUTE
    source/ti/devices/msp432p4xx/driverlib/sysctl_a.c 0x00000000   Number         0  sysctl_a.o ABSOLUTE
    source/ti/devices/msp432p4xx/driverlib/sysctl_a.c 0x00000000   Number         0  sysctl_a.o ABSOLUTE
    source/ti/devices/msp432p4xx/driverlib/timer_a.c 0x00000000   Number         0  timer_a.o ABSOLUTE
    source/ti/devices/msp432p4xx/driverlib/timer_a.c 0x00000000   Number         0  timer_a.o ABSOLUTE
    source/ti/devices/msp432p4xx/driverlib/uart.c 0x00000000   Number         0  uart.o ABSOLUTE
    source/ti/devices/msp432p4xx/driverlib/uart.c 0x00000000   Number         0  uart.o ABSOLUTE
    startup_msp432p401r_uvision.s            0x00000000   Number         0  startup_msp432p401r_uvision.o ABSOLUTE
    .ARM.Collect$$$$00000000                 0x00000144   Section        0  entry.o(.ARM.Collect$$$$00000000)
    .ARM.Collect$$$$00000001                 0x00000144   Section        4  entry2.o(.ARM.Collect$$$$00000001)
    .ARM.Collect$$$$00000004                 0x00000148   Section        4  entry5.o(.ARM.Collect$$$$00000004)
    .ARM.Collect$$$$00000008                 0x0000014c   Section        0  entry7b.o(.ARM.Collect$$$$00000008)
    .ARM.Collect$$$$0000000A                 0x0000014c   Section        0  entry8b.o(.ARM.Collect$$$$0000000A)
    .ARM.Collect$$$$0000000B                 0x0000014c   Section        8  entry9a.o(.ARM.Collect$$$$0000000B)
    .ARM.Collect$$$$0000000E                 0x00000154   Section        4  entry12b.o(.ARM.Collect$$$$0000000E)
    .ARM.Collect$$$$0000000F                 0x00000158   Section        0  entry10a.o(.ARM.Collect$$$$0000000F)
    .ARM.Collect$$$$00000011                 0x00000158   Section        0  entry11a.o(.ARM.Collect$$$$00000011)
    .ARM.Collect$$$$00002712                 0x00000158   Section        4  entry2.o(.ARM.Collect$$$$00002712)
    __lit__00000000                          0x00000158   Data           4  entry2.o(.ARM.Collect$$$$00002712)
    .text                                    0x0000015c   Section       36  startup_msp432p401r_uvision.o(.text)
    $v0                                      0x0000015c   Number         0  startup_msp432p401r_uvision.o(.text)
    .text                                    0x00000180   Section        0  memcpya.o(.text)
    .text                                    0x000001a4   Section        0  f2d.o(.text)
    .text                                    0x000001ca   Section        0  uidiv.o(.text)
    .text                                    0x000001f6   Section        0  uldiv.o(.text)
    .text                                    0x00000258   Section        0  dadd.o(.text)
    .text                                    0x00000258   Section        0  iusefp.o(.text)
    .text                                    0x000003a6   Section        0  dmul.o(.text)
    .text                                    0x0000048a   Section        0  ddiv.o(.text)
    .text                                    0x00000568   Section        0  dfixul.o(.text)
    .text                                    0x00000598   Section       48  cdrcmple.o(.text)
    .text                                    0x000005c8   Section       36  init.o(.text)
    .text                                    0x000005ec   Section        0  llshl.o(.text)
    .text                                    0x0000060a   Section        0  llushr.o(.text)
    .text                                    0x0000062a   Section        0  llsshr.o(.text)
    .text                                    0x0000064e   Section        0  depilogue.o(.text)
    i.ADC14_configureConversionMemory        0x00000708   Section        0  adc14.o(i.ADC14_configureConversionMemory)
    i.ADC14_configureSingleSampleMode        0x0000076c   Section        0  adc14.o(i.ADC14_configureSingleSampleMode)
    i.ADC14_enableModule                     0x000007a8   Section        0  adc14.o(i.ADC14_enableModule)
    i.ADC14_initModule                       0x000007b4   Section        0  adc14.o(i.ADC14_initModule)
    i.ADC14_setResultFormat                  0x000007f4   Section        0  adc14.o(i.ADC14_setResultFormat)
    i.ADC14_setSampleHoldTrigger             0x00000820   Section        0  adc14.o(i.ADC14_setSampleHoldTrigger)
    i.ADCIsConversionRunning                 0x0000084c   Section        0  adc14.o(i.ADCIsConversionRunning)
    ADCIsConversionRunning                   0x0000084d   Thumb Code    14  adc14.o(i.ADCIsConversionRunning)
    i.ADC_Config                             0x00000860   Section        0  adc.o(i.ADC_Config)
    i.CS_clearInterruptFlag                  0x00000964   Section        0  cs.o(i.CS_clearInterruptFlag)
    i.CS_getACLK                             0x00000988   Section        0  cs.o(i.CS_getACLK)
    i.CS_getDCOFrequency                     0x000009a0   Section        0  cs.o(i.CS_getDCOFrequency)
    i.CS_getMCLK                             0x00000aac   Section        0  cs.o(i.CS_getMCLK)
    i.CS_getSMCLK                            0x00000ac4   Section        0  cs.o(i.CS_getSMCLK)
    i.CS_setExternalClockSourceFrequency     0x00000adc   Section        0  cs.o(i.CS_setExternalClockSourceFrequency)
    i.DMA_INT1_IRQHandler                    0x00000ae8   Section        0  adc.o(i.DMA_INT1_IRQHandler)
    i.DMA_disableChannelAttribute            0x00000b4c   Section        0  dma.o(i.DMA_disableChannelAttribute)
    i.DMA_enableModule                       0x00000b84   Section        0  dma.o(i.DMA_enableModule)
    i.DMA_getChannelAttribute                0x00000b90   Section        0  dma.o(i.DMA_getChannelAttribute)
    i.DMA_setChannelControl                  0x00000bcc   Section        0  dma.o(i.DMA_setChannelControl)
    i.DMA_setChannelTransfer                 0x00000bec   Section        0  dma.o(i.DMA_setChannelTransfer)
    i.DMA_setControlBase                     0x00000c6c   Section        0  dma.o(i.DMA_setControlBase)
    i.EUSCIA0_IRQHandler                     0x00000c78   Section        0  usart.o(i.EUSCIA0_IRQHandler)
    i.GPIO_setAsPeripheralModuleFunctionInputPin 0x00000ca8   Section        0  gpio.o(i.GPIO_setAsPeripheralModuleFunctionInputPin)
    i.Interrupt_enableInterrupt              0x00000ce4   Section        0  interrupt.o(i.Interrupt_enableInterrupt)
    i.Interrupt_setPriorityGrouping          0x00000d40   Section        0  interrupt.o(i.Interrupt_setPriorityGrouping)
    i.LED_Init                               0x00000d68   Section        0  led.o(i.LED_Init)
    i.NVIC_Configuration                     0x00000da0   Section        0  tima.o(i.NVIC_Configuration)
    i.SysCtl_A_getTLVInfo                    0x00000de4   Section        0  sysctl_a.o(i.SysCtl_A_getTLVInfo)
    i.SysInit                                0x00000e2c   Section        0  sysinit.o(i.SysInit)
    i.SystemInit                             0x00000ee0   Section        0  system_msp432p401r.o(i.SystemInit)
    i.T32_INT1_IRQHandler                    0x00000f40   Section        0  tima.o(i.T32_INT1_IRQHandler)
    i.T32_INT2_IRQHandler                    0x00000f68   Section        0  tima.o(i.T32_INT2_IRQHandler)
    i.TA0_0_IRQHandler                       0x00000f7c   Section        0  tima.o(i.TA0_0_IRQHandler)
    i.TA1_0_IRQHandler                       0x00000fa0   Section        0  tima.o(i.TA1_0_IRQHandler)
    i.TA2_0_IRQHandler                       0x00000fc8   Section        0  tima.o(i.TA2_0_IRQHandler)
    i.Task_1s_Thread                         0x00001010   Section        0  tima.o(i.Task_1s_Thread)
    i.Task_2s_Thread                         0x000010f4   Section        0  tima.o(i.Task_2s_Thread)
    i.TimA2_Int_Init                         0x00001104   Section        0  tima.o(i.TimA2_Int_Init)
    i.Timer_A_generatePWM                    0x00001150   Section        0  timer_a.o(i.Timer_A_generatePWM)
    i.UART_enableInterrupt                   0x0000119c   Section        0  uart.o(i.UART_enableInterrupt)
    i.UART_getEnabledInterruptStatus         0x000011b2   Section        0  uart.o(i.UART_getEnabledInterruptStatus)
    i.UART_initModule                        0x000011d8   Section        0  uart.o(i.UART_initModule)
    i.UART_transmitData                      0x0000126a   Section        0  uart.o(i.UART_transmitData)
    i._CSComputeCLKFrequency                 0x00001280   Section        0  cs.o(i._CSComputeCLKFrequency)
    _CSComputeCLKFrequency                   0x00001281   Thumb Code   176  cs.o(i._CSComputeCLKFrequency)
    i.__0printf                              0x00001340   Section        0  printfa.o(i.__0printf)
    i.__scatterload_copy                     0x00001360   Section       14  handlers.o(i.__scatterload_copy)
    i.__scatterload_null                     0x0000136e   Section        2  handlers.o(i.__scatterload_null)
    i.__scatterload_zeroinit                 0x00001370   Section       14  handlers.o(i.__scatterload_zeroinit)
    i._fp_digits                             0x00001380   Section        0  printfa.o(i._fp_digits)
    _fp_digits                               0x00001381   Thumb Code   366  printfa.o(i._fp_digits)
    i._getIndexForMemRegister                0x00001504   Section        0  adc14.o(i._getIndexForMemRegister)
    _getIndexForMemRegister                  0x00001505   Thumb Code   342  adc14.o(i._getIndexForMemRegister)
    i._printf_core                           0x0000165c   Section        0  printfa.o(i._printf_core)
    _printf_core                             0x0000165d   Thumb Code  1704  printfa.o(i._printf_core)
    i._printf_post_padding                   0x00001d10   Section        0  printfa.o(i._printf_post_padding)
    _printf_post_padding                     0x00001d11   Thumb Code    36  printfa.o(i._printf_post_padding)
    i._printf_pre_padding                    0x00001d34   Section        0  printfa.o(i._printf_pre_padding)
    _printf_pre_padding                      0x00001d35   Thumb Code    46  printfa.o(i._printf_pre_padding)
    i.bitPosition                            0x00001d62   Section        0  baudrate_calculate.o(i.bitPosition)
    i.delay_init                             0x00001d74   Section        0  delay.o(i.delay_init)
    i.eusci_calcBaudDividers                 0x00001d9c   Section        0  baudrate_calculate.o(i.eusci_calcBaudDividers)
    i.fputc                                  0x00001ec8   Section        0  usart.o(i.fputc)
    i.main                                   0x00001edc   Section        0  main.o(i.main)
    i.privateTimer_AProcessClockSourceDivider 0x00001f20   Section        0  timer_a.o(i.privateTimer_AProcessClockSourceDivider)
    privateTimer_AProcessClockSourceDivider  0x00001f21   Thumb Code   180  timer_a.o(i.privateTimer_AProcessClockSourceDivider)
    i.uart_init                              0x00001fd4   Section        0  usart.o(i.uart_init)
    .constdata                               0x00002030   Section       40  usart.o(.constdata)
    .constdata                               0x00002058   Section       24  tima.o(.constdata)
    .constdata                               0x00002070   Section      128  adc14.o(.constdata)
    _ctlRegs                                 0x00002070   Data         128  adc14.o(.constdata)
    .constdata                               0x000020f0   Section       76  gpio.o(.constdata)
    GPIO_PORT_TO_INT                         0x000020f0   Data          28  gpio.o(.constdata)
    GPIO_PORT_TO_BASE                        0x0000210c   Data          48  gpio.o(.constdata)
    .constdata                               0x0000213c   Section      144  interrupt.o(.constdata)
    g_pulEnRegs                              0x0000213c   Data           8  interrupt.o(.constdata)
    g_pulDisRegs                             0x00002144   Data           8  interrupt.o(.constdata)
    g_pulPendRegs                            0x0000214c   Data           8  interrupt.o(.constdata)
    g_pulUnpendRegs                          0x00002154   Data           8  interrupt.o(.constdata)
    g_pulPriority                            0x0000215c   Data          32  interrupt.o(.constdata)
    g_pulRegs                                0x0000217c   Data          80  interrupt.o(.constdata)
    .data                                    0x20000000   Section        4  usart.o(.data)
    .data                                    0x20000004   Section        1  delay.o(.data)
    fac_us                                   0x20000004   Data           1  delay.o(.data)
    .data                                    0x20000008   Section       28  adc.o(.data)
    .data                                    0x20000024   Section        4  tima.o(.data)
    _cnt_1s                                  0x20000024   Data           2  tima.o(.data)
    _cnt_2s                                  0x20000026   Data           2  tima.o(.data)
    .data                                    0x20000028   Section        8  cs.o(.data)
    hfxtFreq                                 0x20000028   Data           4  cs.o(.data)
    lfxtFreq                                 0x2000002c   Data           4  cs.o(.data)
    .bss                                     0x20000030   Section     2560  adc.o(.bss)
    MSP_EXP432P401RLP_DMAControlTable        0x20000830   Data         512  adc.o(.bss)
    STACK                                    0x20000a30   Section      512  startup_msp432p401r_uvision.o(STACK)

    Global Symbols

    Symbol Name                              Value     Ov Type        Size  Object(Section)

    BuildAttributes$$THM_ISAv4$E$P$D$K$B$S$7EM$VFPi3$EXTD16$VFPS$VFMA$PE$A:L22UL41UL21$X:L11$S22US41US21$IEEE1$IW$USESV6$~STKCKD$USESV7$~SHL$OSPACE$ROPI$EBA8$MICROLIB$REQ8$PRES8$EABIv2 0x00000000   Number         0  anon$$obj.o ABSOLUTE
    __ARM_use_no_argv                        0x00000000   Number         0  main.o ABSOLUTE
    __Vectors                                0x00000000   Data           4  startup_msp432p401r_uvision.o(RESET)
    __use_no_errno                           0x00000000   Number         0  useno.o ABSOLUTE
    __use_no_exception_handling              0x00000000   Number         0  useno.o ABSOLUTE
    __use_no_fp                              0x00000000   Number         0  useno.o ABSOLUTE
    __use_no_heap                            0x00000000   Number         0  useno.o ABSOLUTE
    __use_no_heap_region                     0x00000000   Number         0  useno.o ABSOLUTE
    __use_no_semihosting                     0x00000000   Number         0  useno.o ABSOLUTE
    __use_no_semihosting_swi                 0x00000000   Number         0  useno.o ABSOLUTE
    __use_no_signal_handling                 0x00000000   Number         0  useno.o ABSOLUTE
    _printf_a                                0x00000000   Number         0  stubs.o ABSOLUTE
    _printf_c                                0x00000000   Number         0  stubs.o ABSOLUTE
    _printf_charcount                        0x00000000   Number         0  stubs.o ABSOLUTE
    _printf_d                                0x00000000   Number         0  stubs.o ABSOLUTE
    _printf_e                                0x00000000   Number         0  stubs.o ABSOLUTE
    _printf_f                                0x00000000   Number         0  stubs.o ABSOLUTE
    _printf_flags                            0x00000000   Number         0  stubs.o ABSOLUTE
    _printf_fp_dec                           0x00000000   Number         0  stubs.o ABSOLUTE
    _printf_fp_hex                           0x00000000   Number         0  stubs.o ABSOLUTE
    _printf_g                                0x00000000   Number         0  stubs.o ABSOLUTE
    _printf_i                                0x00000000   Number         0  stubs.o ABSOLUTE
    _printf_int_dec                          0x00000000   Number         0  stubs.o ABSOLUTE
    _printf_l                                0x00000000   Number         0  stubs.o ABSOLUTE
    _printf_lc                               0x00000000   Number         0  stubs.o ABSOLUTE
    _printf_ll                               0x00000000   Number         0  stubs.o ABSOLUTE
    _printf_lld                              0x00000000   Number         0  stubs.o ABSOLUTE
    _printf_lli                              0x00000000   Number         0  stubs.o ABSOLUTE
    _printf_llo                              0x00000000   Number         0  stubs.o ABSOLUTE
    _printf_llu                              0x00000000   Number         0  stubs.o ABSOLUTE
    _printf_llx                              0x00000000   Number         0  stubs.o ABSOLUTE
    _printf_longlong_dec                     0x00000000   Number         0  stubs.o ABSOLUTE
    _printf_longlong_hex                     0x00000000   Number         0  stubs.o ABSOLUTE
    _printf_longlong_oct                     0x00000000   Number         0  stubs.o ABSOLUTE
    _printf_ls                               0x00000000   Number         0  stubs.o ABSOLUTE
    _printf_mbtowc                           0x00000000   Number         0  stubs.o ABSOLUTE
    _printf_n                                0x00000000   Number         0  stubs.o ABSOLUTE
    _printf_o                                0x00000000   Number         0  stubs.o ABSOLUTE
    _printf_p                                0x00000000   Number         0  stubs.o ABSOLUTE
    _printf_percent                          0x00000000   Number         0  stubs.o ABSOLUTE
    _printf_pre_padding                      0x00000000   Number         0  stubs.o ABSOLUTE
    _printf_return_value                     0x00000000   Number         0  stubs.o ABSOLUTE
    _printf_s                                0x00000000   Number         0  stubs.o ABSOLUTE
    _printf_sizespec                         0x00000000   Number         0  stubs.o ABSOLUTE
    _printf_str                              0x00000000   Number         0  stubs.o ABSOLUTE
    _printf_truncate_signed                  0x00000000   Number         0  stubs.o ABSOLUTE
    _printf_truncate_unsigned                0x00000000   Number         0  stubs.o ABSOLUTE
    _printf_u                                0x00000000   Number         0  stubs.o ABSOLUTE
    _printf_wc                               0x00000000   Number         0  stubs.o ABSOLUTE
    _printf_wctomb                           0x00000000   Number         0  stubs.o ABSOLUTE
    _printf_widthprec                        0x00000000   Number         0  stubs.o ABSOLUTE
    _printf_x                                0x00000000   Number         0  stubs.o ABSOLUTE
    __arm_fini_                               - Undefined Weak Reference
    __cpp_initialize__aeabi_                  - Undefined Weak Reference
    __cxa_finalize                            - Undefined Weak Reference
    __decompress                              - Undefined Weak Reference
    _clock_init                               - Undefined Weak Reference
    _microlib_exit                            - Undefined Weak Reference
    __Vectors_End                            0x00000144   Data           0  startup_msp432p401r_uvision.o(RESET)
    __Vectors_Size                           0x00000144   Number         0  startup_msp432p401r_uvision.o ABSOLUTE
    __main                                   0x00000145   Thumb Code     0  entry.o(.ARM.Collect$$$$00000000)
    _main_stk                                0x00000145   Thumb Code     0  entry2.o(.ARM.Collect$$$$00000001)
    _main_scatterload                        0x00000149   Thumb Code     0  entry5.o(.ARM.Collect$$$$00000004)
    __main_after_scatterload                 0x0000014d   Thumb Code     0  entry5.o(.ARM.Collect$$$$00000004)
    _main_clock                              0x0000014d   Thumb Code     0  entry7b.o(.ARM.Collect$$$$00000008)
    _main_cpp_init                           0x0000014d   Thumb Code     0  entry8b.o(.ARM.Collect$$$$0000000A)
    _main_init                               0x0000014d   Thumb Code     0  entry9a.o(.ARM.Collect$$$$0000000B)
    __rt_lib_shutdown_fini                   0x00000155   Thumb Code     0  entry12b.o(.ARM.Collect$$$$0000000E)
    __rt_final_cpp                           0x00000159   Thumb Code     0  entry10a.o(.ARM.Collect$$$$0000000F)
    __rt_final_exit                          0x00000159   Thumb Code     0  entry11a.o(.ARM.Collect$$$$00000011)
    Reset_Handler                            0x0000015d   Thumb Code     8  startup_msp432p401r_uvision.o(.text)
    NMI_Handler                              0x00000165   Thumb Code     2  startup_msp432p401r_uvision.o(.text)
    HardFault_Handler                        0x00000167   Thumb Code     2  startup_msp432p401r_uvision.o(.text)
    MemManage_Handler                        0x00000169   Thumb Code     2  startup_msp432p401r_uvision.o(.text)
    BusFault_Handler                         0x0000016b   Thumb Code     2  startup_msp432p401r_uvision.o(.text)
    UsageFault_Handler                       0x0000016d   Thumb Code     2  startup_msp432p401r_uvision.o(.text)
    SVC_Handler                              0x0000016f   Thumb Code     2  startup_msp432p401r_uvision.o(.text)
    DebugMon_Handler                         0x00000171   Thumb Code     2  startup_msp432p401r_uvision.o(.text)
    PendSV_Handler                           0x00000173   Thumb Code     2  startup_msp432p401r_uvision.o(.text)
    SysTick_Handler                          0x00000175   Thumb Code     2  startup_msp432p401r_uvision.o(.text)
    ADC14_IRQHandler                         0x00000177   Thumb Code     0  startup_msp432p401r_uvision.o(.text)
    AES256_IRQHandler                        0x00000177   Thumb Code     0  startup_msp432p401r_uvision.o(.text)
    COMP_E0_IRQHandler                       0x00000177   Thumb Code     0  startup_msp432p401r_uvision.o(.text)
    COMP_E1_IRQHandler                       0x00000177   Thumb Code     0  startup_msp432p401r_uvision.o(.text)
    CS_IRQHandler                            0x00000177   Thumb Code     0  startup_msp432p401r_uvision.o(.text)
    DMA_ERR_IRQHandler                       0x00000177   Thumb Code     0  startup_msp432p401r_uvision.o(.text)
    DMA_INT0_IRQHandler                      0x00000177   Thumb Code     0  startup_msp432p401r_uvision.o(.text)
    DMA_INT2_IRQHandler                      0x00000177   Thumb Code     0  startup_msp432p401r_uvision.o(.text)
    DMA_INT3_IRQHandler                      0x00000177   Thumb Code     0  startup_msp432p401r_uvision.o(.text)
    EUSCIA1_IRQHandler                       0x00000177   Thumb Code     0  startup_msp432p401r_uvision.o(.text)
    EUSCIA2_IRQHandler                       0x00000177   Thumb Code     0  startup_msp432p401r_uvision.o(.text)
    EUSCIA3_IRQHandler                       0x00000177   Thumb Code     0  startup_msp432p401r_uvision.o(.text)
    EUSCIB0_IRQHandler                       0x00000177   Thumb Code     0  startup_msp432p401r_uvision.o(.text)
    EUSCIB1_IRQHandler                       0x00000177   Thumb Code     0  startup_msp432p401r_uvision.o(.text)
    EUSCIB2_IRQHandler                       0x00000177   Thumb Code     0  startup_msp432p401r_uvision.o(.text)
    EUSCIB3_IRQHandler                       0x00000177   Thumb Code     0  startup_msp432p401r_uvision.o(.text)
    FLCTL_IRQHandler                         0x00000177   Thumb Code     0  startup_msp432p401r_uvision.o(.text)
    FPU_IRQHandler                           0x00000177   Thumb Code     0  startup_msp432p401r_uvision.o(.text)
    PCM_IRQHandler                           0x00000177   Thumb Code     0  startup_msp432p401r_uvision.o(.text)
    PORT1_IRQHandler                         0x00000177   Thumb Code     0  startup_msp432p401r_uvision.o(.text)
    PORT2_IRQHandler                         0x00000177   Thumb Code     0  startup_msp432p401r_uvision.o(.text)
    PORT3_IRQHandler                         0x00000177   Thumb Code     0  startup_msp432p401r_uvision.o(.text)
    PORT4_IRQHandler                         0x00000177   Thumb Code     0  startup_msp432p401r_uvision.o(.text)
    PORT5_IRQHandler                         0x00000177   Thumb Code     0  startup_msp432p401r_uvision.o(.text)
    PORT6_IRQHandler                         0x00000177   Thumb Code     0  startup_msp432p401r_uvision.o(.text)
    PSS_IRQHandler                           0x00000177   Thumb Code     0  startup_msp432p401r_uvision.o(.text)
    RTC_C_IRQHandler                         0x00000177   Thumb Code     0  startup_msp432p401r_uvision.o(.text)
    T32_INTC_IRQHandler                      0x00000177   Thumb Code     0  startup_msp432p401r_uvision.o(.text)
    TA0_N_IRQHandler                         0x00000177   Thumb Code     0  startup_msp432p401r_uvision.o(.text)
    TA1_N_IRQHandler                         0x00000177   Thumb Code     0  startup_msp432p401r_uvision.o(.text)
    TA2_N_IRQHandler                         0x00000177   Thumb Code     0  startup_msp432p401r_uvision.o(.text)
    TA3_0_IRQHandler                         0x00000177   Thumb Code     0  startup_msp432p401r_uvision.o(.text)
    TA3_N_IRQHandler                         0x00000177   Thumb Code     0  startup_msp432p401r_uvision.o(.text)
    WDT_A_IRQHandler                         0x00000177   Thumb Code     0  startup_msp432p401r_uvision.o(.text)
    __aeabi_memcpy                           0x00000181   Thumb Code    36  memcpya.o(.text)
    __aeabi_memcpy4                          0x00000181   Thumb Code     0  memcpya.o(.text)
    __aeabi_memcpy8                          0x00000181   Thumb Code     0  memcpya.o(.text)
    __aeabi_f2d                              0x000001a5   Thumb Code    38  f2d.o(.text)
    __aeabi_uidiv                            0x000001cb   Thumb Code     0  uidiv.o(.text)
    __aeabi_uidivmod                         0x000001cb   Thumb Code    44  uidiv.o(.text)
    __aeabi_uldivmod                         0x000001f7   Thumb Code    98  uldiv.o(.text)
    __I$use$fp                               0x00000259   Thumb Code     0  iusefp.o(.text)
    __aeabi_dadd                             0x00000259   Thumb Code   322  dadd.o(.text)
    __aeabi_dsub                             0x0000039b   Thumb Code     6  dadd.o(.text)
    __aeabi_drsub                            0x000003a1   Thumb Code     6  dadd.o(.text)
    __aeabi_dmul                             0x000003a7   Thumb Code   228  dmul.o(.text)
    __aeabi_ddiv                             0x0000048b   Thumb Code   222  ddiv.o(.text)
    __aeabi_d2ulz                            0x00000569   Thumb Code    48  dfixul.o(.text)
    __aeabi_cdrcmple                         0x00000599   Thumb Code    48  cdrcmple.o(.text)
    __scatterload                            0x000005c9   Thumb Code    28  init.o(.text)
    __scatterload_rt2                        0x000005c9   Thumb Code     0  init.o(.text)
    __aeabi_llsl                             0x000005ed   Thumb Code    30  llshl.o(.text)
    _ll_shift_l                              0x000005ed   Thumb Code     0  llshl.o(.text)
    __aeabi_llsr                             0x0000060b   Thumb Code    32  llushr.o(.text)
    _ll_ushift_r                             0x0000060b   Thumb Code     0  llushr.o(.text)
    __aeabi_lasr                             0x0000062b   Thumb Code    36  llsshr.o(.text)
    _ll_sshift_r                             0x0000062b   Thumb Code     0  llsshr.o(.text)
    _double_round                            0x0000064f   Thumb Code    30  depilogue.o(.text)
    _double_epilogue                         0x0000066d   Thumb Code   156  depilogue.o(.text)
    ADC14_configureConversionMemory          0x00000709   Thumb Code    96  adc14.o(i.ADC14_configureConversionMemory)
    ADC14_configureSingleSampleMode          0x0000076d   Thumb Code    54  adc14.o(i.ADC14_configureSingleSampleMode)
    ADC14_enableModule                       0x000007a9   Thumb Code     8  adc14.o(i.ADC14_enableModule)
    ADC14_initModule                         0x000007b5   Thumb Code    54  adc14.o(i.ADC14_initModule)
    ADC14_setResultFormat                    0x000007f5   Thumb Code    38  adc14.o(i.ADC14_setResultFormat)
    ADC14_setSampleHoldTrigger               0x00000821   Thumb Code    40  adc14.o(i.ADC14_setSampleHoldTrigger)
    ADC_Config                               0x00000861   Thumb Code   230  adc.o(i.ADC_Config)
    CS_clearInterruptFlag                    0x00000965   Thumb Code    26  cs.o(i.CS_clearInterruptFlag)
    CS_getACLK                               0x00000989   Thumb Code    20  cs.o(i.CS_getACLK)
    CS_getDCOFrequency                       0x000009a1   Thumb Code   234  cs.o(i.CS_getDCOFrequency)
    CS_getMCLK                               0x00000aad   Thumb Code    20  cs.o(i.CS_getMCLK)
    CS_getSMCLK                              0x00000ac5   Thumb Code    18  cs.o(i.CS_getSMCLK)
    CS_setExternalClockSourceFrequency       0x00000add   Thumb Code     8  cs.o(i.CS_setExternalClockSourceFrequency)
    DMA_INT1_IRQHandler                      0x00000ae9   Thumb Code    80  adc.o(i.DMA_INT1_IRQHandler)
    DMA_disableChannelAttribute              0x00000b4d   Thumb Code    52  dma.o(i.DMA_disableChannelAttribute)
    DMA_enableModule                         0x00000b85   Thumb Code     8  dma.o(i.DMA_enableModule)
    DMA_getChannelAttribute                  0x00000b91   Thumb Code    56  dma.o(i.DMA_getChannelAttribute)
    DMA_setChannelControl                    0x00000bcd   Thumb Code    24  dma.o(i.DMA_setChannelControl)
    DMA_setChannelTransfer                   0x00000bed   Thumb Code   124  dma.o(i.DMA_setChannelTransfer)
    DMA_setControlBase                       0x00000c6d   Thumb Code     6  dma.o(i.DMA_setControlBase)
    EUSCIA0_IRQHandler                       0x00000c79   Thumb Code    38  usart.o(i.EUSCIA0_IRQHandler)
    GPIO_setAsPeripheralModuleFunctionInputPin 0x00000ca9   Thumb Code    56  gpio.o(i.GPIO_setAsPeripheralModuleFunctionInputPin)
    Interrupt_enableInterrupt                0x00000ce5   Thumb Code    84  interrupt.o(i.Interrupt_enableInterrupt)
    Interrupt_setPriorityGrouping            0x00000d41   Thumb Code    28  interrupt.o(i.Interrupt_setPriorityGrouping)
    LED_Init                                 0x00000d69   Thumb Code    46  led.o(i.LED_Init)
    NVIC_Configuration                       0x00000da1   Thumb Code    64  tima.o(i.NVIC_Configuration)
    SysCtl_A_getTLVInfo                      0x00000de5   Thumb Code    64  sysctl_a.o(i.SysCtl_A_getTLVInfo)
    SysInit                                  0x00000e2d   Thumb Code   168  sysinit.o(i.SysInit)
    SystemInit                               0x00000ee1   Thumb Code    76  system_msp432p401r.o(i.SystemInit)
    T32_INT1_IRQHandler                      0x00000f41   Thumb Code    30  tima.o(i.T32_INT1_IRQHandler)
    T32_INT2_IRQHandler                      0x00000f69   Thumb Code    10  tima.o(i.T32_INT2_IRQHandler)
    TA0_0_IRQHandler                         0x00000f7d   Thumb Code    32  tima.o(i.TA0_0_IRQHandler)
    TA1_0_IRQHandler                         0x00000fa1   Thumb Code    32  tima.o(i.TA1_0_IRQHandler)
    TA2_0_IRQHandler                         0x00000fc9   Thumb Code    58  tima.o(i.TA2_0_IRQHandler)
    Task_1s_Thread                           0x00001011   Thumb Code   160  tima.o(i.Task_1s_Thread)
    Task_2s_Thread                           0x000010f5   Thumb Code    12  tima.o(i.Task_2s_Thread)
    TimA2_Int_Init                           0x00001105   Thumb Code    64  tima.o(i.TimA2_Int_Init)
    Timer_A_generatePWM                      0x00001151   Thumb Code    76  timer_a.o(i.Timer_A_generatePWM)
    UART_enableInterrupt                     0x0000119d   Thumb Code    22  uart.o(i.UART_enableInterrupt)
    UART_getEnabledInterruptStatus           0x000011b3   Thumb Code    38  uart.o(i.UART_getEnabledInterruptStatus)
    UART_initModule                          0x000011d9   Thumb Code   146  uart.o(i.UART_initModule)
    UART_transmitData                        0x0000126b   Thumb Code    22  uart.o(i.UART_transmitData)
    __0printf                                0x00001341   Thumb Code    22  printfa.o(i.__0printf)
    __1printf                                0x00001341   Thumb Code     0  printfa.o(i.__0printf)
    __2printf                                0x00001341   Thumb Code     0  printfa.o(i.__0printf)
    __c89printf                              0x00001341   Thumb Code     0  printfa.o(i.__0printf)
    printf                                   0x00001341   Thumb Code     0  printfa.o(i.__0printf)
    __scatterload_copy                       0x00001361   Thumb Code    14  handlers.o(i.__scatterload_copy)
    __scatterload_null                       0x0000136f   Thumb Code     2  handlers.o(i.__scatterload_null)
    __scatterload_zeroinit                   0x00001371   Thumb Code    14  handlers.o(i.__scatterload_zeroinit)
    bitPosition                              0x00001d63   Thumb Code    16  baudrate_calculate.o(i.bitPosition)
    delay_init                               0x00001d75   Thumb Code    30  delay.o(i.delay_init)
    eusci_calcBaudDividers                   0x00001d9d   Thumb Code   282  baudrate_calculate.o(i.eusci_calcBaudDividers)
    fputc                                    0x00001ec9   Thumb Code    16  usart.o(i.fputc)
    main                                     0x00001edd   Thumb Code    48  main.o(i.main)
    uart_init                                0x00001fd5   Thumb Code    78  usart.o(i.uart_init)
    Region$$Table$$Base                      0x000021cc   Number         0  anon$$obj.o(Region$$Table)
    Region$$Table$$Limit                     0x000021ec   Number         0  anon$$obj.o(Region$$Table)
    __stdout                                 0x20000000   Data           4  usart.o(.data)
    switch_data                              0x20000008   Data           4  adc.o(.data)
    pwmConfig                                0x2000000c   Data          24  adc.o(.data)
    data_array1                              0x20000030   Data        1024  adc.o(.bss)
    data_array2                              0x20000430   Data        1024  adc.o(.bss)
    __initial_sp                             0x20000c30   Data           0  startup_msp432p401r_uvision.o(STACK)



==============================================================================

Memory Map of the image

  Image Entry point : 0x00000145

  Load Region LR_IROM1 (Base: 0x00000000, Size: 0x0000221c, Max: 0x00040000, ABSOLUTE)

    Execution Region ER_IROM1 (Exec base: 0x00000000, Load base: 0x00000000, Size: 0x000021ec, Max: 0x00040000, ABSOLUTE)

    Exec Addr    Load Addr    Size         Type   Attr      Idx    E Section Name        Object

    0x00000000   0x00000000   0x00000144   Data   RO           73    RESET               startup_msp432p401r_uvision.o
    0x00000144   0x00000144   0x00000000   Code   RO         2087  * .ARM.Collect$$$$00000000  mc_w.l(entry.o)
    0x00000144   0x00000144   0x00000004   Code   RO         2357    .ARM.Collect$$$$00000001  mc_w.l(entry2.o)
    0x00000148   0x00000148   0x00000004   Code   RO         2360    .ARM.Collect$$$$00000004  mc_w.l(entry5.o)
    0x0000014c   0x0000014c   0x00000000   Code   RO         2362    .ARM.Collect$$$$00000008  mc_w.l(entry7b.o)
    0x0000014c   0x0000014c   0x00000000   Code   RO         2364    .ARM.Collect$$$$0000000A  mc_w.l(entry8b.o)
    0x0000014c   0x0000014c   0x00000008   Code   RO         2365    .ARM.Collect$$$$0000000B  mc_w.l(entry9a.o)
    0x00000154   0x00000154   0x00000004   Code   RO         2372    .ARM.Collect$$$$0000000E  mc_w.l(entry12b.o)
    0x00000158   0x00000158   0x00000000   Code   RO         2367    .ARM.Collect$$$$0000000F  mc_w.l(entry10a.o)
    0x00000158   0x00000158   0x00000000   Code   RO         2369    .ARM.Collect$$$$00000011  mc_w.l(entry11a.o)
    0x00000158   0x00000158   0x00000004   Code   RO         2358    .ARM.Collect$$$$00002712  mc_w.l(entry2.o)
    0x0000015c   0x0000015c   0x00000024   Code   RO           74    .text               startup_msp432p401r_uvision.o
    0x00000180   0x00000180   0x00000024   Code   RO         2090    .text               mc_w.l(memcpya.o)
    0x000001a4   0x000001a4   0x00000026   Code   RO         2355    .text               mf_w.l(f2d.o)
    0x000001ca   0x000001ca   0x0000002c   Code   RO         2373    .text               mc_w.l(uidiv.o)
    0x000001f6   0x000001f6   0x00000062   Code   RO         2375    .text               mc_w.l(uldiv.o)
    0x00000258   0x00000258   0x00000000   Code   RO         2377    .text               mc_w.l(iusefp.o)
    0x00000258   0x00000258   0x0000014e   Code   RO         2378    .text               mf_w.l(dadd.o)
    0x000003a6   0x000003a6   0x000000e4   Code   RO         2380    .text               mf_w.l(dmul.o)
    0x0000048a   0x0000048a   0x000000de   Code   RO         2382    .text               mf_w.l(ddiv.o)
    0x00000568   0x00000568   0x00000030   Code   RO         2384    .text               mf_w.l(dfixul.o)
    0x00000598   0x00000598   0x00000030   Code   RO         2386    .text               mf_w.l(cdrcmple.o)
    0x000005c8   0x000005c8   0x00000024   Code   RO         2388    .text               mc_w.l(init.o)
    0x000005ec   0x000005ec   0x0000001e   Code   RO         2390    .text               mc_w.l(llshl.o)
    0x0000060a   0x0000060a   0x00000020   Code   RO         2392    .text               mc_w.l(llushr.o)
    0x0000062a   0x0000062a   0x00000024   Code   RO         2394    .text               mc_w.l(llsshr.o)
    0x0000064e   0x0000064e   0x000000ba   Code   RO         2396    .text               mf_w.l(depilogue.o)
    0x00000708   0x00000708   0x00000064   Code   RO          633    i.ADC14_configureConversionMemory  msp432p4xx_driverlib.lib(adc14.o)
    0x0000076c   0x0000076c   0x0000003c   Code   RO          635    i.ADC14_configureSingleSampleMode  msp432p4xx_driverlib.lib(adc14.o)
    0x000007a8   0x000007a8   0x0000000c   Code   RO          645    i.ADC14_enableModule  msp432p4xx_driverlib.lib(adc14.o)
    0x000007b4   0x000007b4   0x00000040   Code   RO          654    i.ADC14_initModule  msp432p4xx_driverlib.lib(adc14.o)
    0x000007f4   0x000007f4   0x0000002c   Code   RO          660    i.ADC14_setResultFormat  msp432p4xx_driverlib.lib(adc14.o)
    0x00000820   0x00000820   0x0000002c   Code   RO          662    i.ADC14_setSampleHoldTrigger  msp432p4xx_driverlib.lib(adc14.o)
    0x0000084c   0x0000084c   0x00000014   Code   RO          665    i.ADCIsConversionRunning  msp432p4xx_driverlib.lib(adc14.o)
    0x00000860   0x00000860   0x00000104   Code   RO          377    i.ADC_Config        adc.o
    0x00000964   0x00000964   0x00000024   Code   RO          904    i.CS_clearInterruptFlag  msp432p4xx_driverlib.lib(cs.o)
    0x00000988   0x00000988   0x00000018   Code   RO          913    i.CS_getACLK        msp432p4xx_driverlib.lib(cs.o)
    0x000009a0   0x000009a0   0x0000010c   Code   RO          915    i.CS_getDCOFrequency  msp432p4xx_driverlib.lib(cs.o)
    0x00000aac   0x00000aac   0x00000018   Code   RO          919    i.CS_getMCLK        msp432p4xx_driverlib.lib(cs.o)
    0x00000ac4   0x00000ac4   0x00000018   Code   RO          920    i.CS_getSMCLK       msp432p4xx_driverlib.lib(cs.o)
    0x00000adc   0x00000adc   0x0000000c   Code   RO          927    i.CS_setExternalClockSourceFrequency  msp432p4xx_driverlib.lib(cs.o)
    0x00000ae8   0x00000ae8   0x00000064   Code   RO          378    i.DMA_INT1_IRQHandler  adc.o
    0x00000b4c   0x00000b4c   0x00000038   Code   RO         1135    i.DMA_disableChannelAttribute  msp432p4xx_driverlib.lib(dma.o)
    0x00000b84   0x00000b84   0x0000000c   Code   RO         1141    i.DMA_enableModule  msp432p4xx_driverlib.lib(dma.o)
    0x00000b90   0x00000b90   0x0000003c   Code   RO         1142    i.DMA_getChannelAttribute  msp432p4xx_driverlib.lib(dma.o)
    0x00000bcc   0x00000bcc   0x00000020   Code   RO         1153    i.DMA_setChannelControl  msp432p4xx_driverlib.lib(dma.o)
    0x00000bec   0x00000bec   0x00000080   Code   RO         1155    i.DMA_setChannelTransfer  msp432p4xx_driverlib.lib(dma.o)
    0x00000c6c   0x00000c6c   0x0000000c   Code   RO         1156    i.DMA_setControlBase  msp432p4xx_driverlib.lib(dma.o)
    0x00000c78   0x00000c78   0x00000030   Code   RO          232    i.EUSCIA0_IRQHandler  usart.o
    0x00000ca8   0x00000ca8   0x0000003c   Code   RO         1331    i.GPIO_setAsPeripheralModuleFunctionInputPin  msp432p4xx_driverlib.lib(gpio.o)
    0x00000ce4   0x00000ce4   0x0000005c   Code   RO         1466    i.Interrupt_enableInterrupt  msp432p4xx_driverlib.lib(interrupt.o)
    0x00000d40   0x00000d40   0x00000028   Code   RO         1477    i.Interrupt_setPriorityGrouping  msp432p4xx_driverlib.lib(interrupt.o)
    0x00000d68   0x00000d68   0x00000038   Code   RO          418    i.LED_Init          led.o
    0x00000da0   0x00000da0   0x00000044   Code   RO          534    i.NVIC_Configuration  tima.o
    0x00000de4   0x00000de4   0x00000048   Code   RO         1972    i.SysCtl_A_getTLVInfo  msp432p4xx_driverlib.lib(sysctl_a.o)
    0x00000e2c   0x00000e2c   0x000000b4   Code   RO          285    i.SysInit           sysinit.o
    0x00000ee0   0x00000ee0   0x00000060   Code   RO            5    i.SystemInit        system_msp432p401r.o
    0x00000f40   0x00000f40   0x00000028   Code   RO          535    i.T32_INT1_IRQHandler  tima.o
    0x00000f68   0x00000f68   0x00000014   Code   RO          536    i.T32_INT2_IRQHandler  tima.o
    0x00000f7c   0x00000f7c   0x00000024   Code   RO          537    i.TA0_0_IRQHandler  tima.o
    0x00000fa0   0x00000fa0   0x00000028   Code   RO          538    i.TA1_0_IRQHandler  tima.o
    0x00000fc8   0x00000fc8   0x00000048   Code   RO          539    i.TA2_0_IRQHandler  tima.o
    0x00001010   0x00001010   0x000000e4   Code   RO          540    i.Task_1s_Thread    tima.o
    0x000010f4   0x000010f4   0x00000010   Code   RO          541    i.Task_2s_Thread    tima.o
    0x00001104   0x00001104   0x0000004c   Code   RO          546    i.TimA2_Int_Init    tima.o
    0x00001150   0x00001150   0x0000004c   Code   RO         1615    i.Timer_A_generatePWM  msp432p4xx_driverlib.lib(timer_a.o)
    0x0000119c   0x0000119c   0x00000016   Code   RO         1795    i.UART_enableInterrupt  msp432p4xx_driverlib.lib(uart.o)
    0x000011b2   0x000011b2   0x00000026   Code   RO         1797    i.UART_getEnabledInterruptStatus  msp432p4xx_driverlib.lib(uart.o)
    0x000011d8   0x000011d8   0x00000092   Code   RO         1801    i.UART_initModule   msp432p4xx_driverlib.lib(uart.o)
    0x0000126a   0x0000126a   0x00000016   Code   RO         1810    i.UART_transmitData  msp432p4xx_driverlib.lib(uart.o)
    0x00001280   0x00001280   0x000000c0   Code   RO          936    i._CSComputeCLKFrequency  msp432p4xx_driverlib.lib(cs.o)
    0x00001340   0x00001340   0x00000020   Code   RO         2327    i.__0printf         mc_w.l(printfa.o)
    0x00001360   0x00001360   0x0000000e   Code   RO         2400    i.__scatterload_copy  mc_w.l(handlers.o)
    0x0000136e   0x0000136e   0x00000002   Code   RO         2401    i.__scatterload_null  mc_w.l(handlers.o)
    0x00001370   0x00001370   0x0000000e   Code   RO         2402    i.__scatterload_zeroinit  mc_w.l(handlers.o)
    0x0000137e   0x0000137e   0x00000002   PAD
    0x00001380   0x00001380   0x00000184   Code   RO         2334    i._fp_digits        mc_w.l(printfa.o)
    0x00001504   0x00001504   0x00000156   Code   RO          666    i._getIndexForMemRegister  msp432p4xx_driverlib.lib(adc14.o)
    0x0000165a   0x0000165a   0x00000002   PAD
    0x0000165c   0x0000165c   0x000006b4   Code   RO         2335    i._printf_core      mc_w.l(printfa.o)
    0x00001d10   0x00001d10   0x00000024   Code   RO         2336    i._printf_post_padding  mc_w.l(printfa.o)
    0x00001d34   0x00001d34   0x0000002e   Code   RO         2337    i._printf_pre_padding  mc_w.l(printfa.o)
    0x00001d62   0x00001d62   0x00000010   Code   RO          347    i.bitPosition       baudrate_calculate.o
    0x00001d72   0x00001d72   0x00000002   PAD
    0x00001d74   0x00001d74   0x00000028   Code   RO          309    i.delay_init        delay.o
    0x00001d9c   0x00001d9c   0x0000012c   Code   RO          348    i.eusci_calcBaudDividers  baudrate_calculate.o
    0x00001ec8   0x00001ec8   0x00000014   Code   RO          234    i.fputc             usart.o
    0x00001edc   0x00001edc   0x00000044   Code   RO           81    i.main              main.o
    0x00001f20   0x00001f20   0x000000b4   Code   RO         1632    i.privateTimer_AProcessClockSourceDivider  msp432p4xx_driverlib.lib(timer_a.o)
    0x00001fd4   0x00001fd4   0x0000005c   Code   RO          235    i.uart_init         usart.o
    0x00002030   0x00002030   0x00000028   Data   RO          236    .constdata          usart.o
    0x00002058   0x00002058   0x00000018   Data   RO          547    .constdata          tima.o
    0x00002070   0x00002070   0x00000080   Data   RO          667    .constdata          msp432p4xx_driverlib.lib(adc14.o)
    0x000020f0   0x000020f0   0x0000004c   Data   RO         1339    .constdata          msp432p4xx_driverlib.lib(gpio.o)
    0x0000213c   0x0000213c   0x00000090   Data   RO         1482    .constdata          msp432p4xx_driverlib.lib(interrupt.o)
    0x000021cc   0x000021cc   0x00000020   Data   RO         2398    Region$$Table       anon$$obj.o


    Execution Region RW_IRAM1 (Exec base: 0x20000000, Load base: 0x000021ec, Size: 0x00000c30, Max: 0x00010000, ABSOLUTE)

    Exec Addr    Load Addr    Size         Type   Attr      Idx    E Section Name        Object

    0x20000000   0x000021ec   0x00000004   Data   RW          237    .data               usart.o
    0x20000004   0x000021f0   0x00000001   Data   RW          312    .data               delay.o
    0x20000005   0x000021f1   0x00000003   PAD
    0x20000008   0x000021f4   0x0000001c   Data   RW          380    .data               adc.o
    0x20000024   0x00002210   0x00000004   Data   RW          548    .data               tima.o
    0x20000028   0x00002214   0x00000008   Data   RW          938    .data               msp432p4xx_driverlib.lib(cs.o)
    0x20000030        -       0x00000a00   Zero   RW          379    .bss                adc.o
    0x20000a30        -       0x00000200   Zero   RW           71    STACK               startup_msp432p401r_uvision.o


==============================================================================

Image component sizes


      Code (inc. data)   RO Data    RW Data    ZI Data      Debug   Object Name

       360         50          0         28       2560       2027   adc.o
       316         18          0          0          0       2263   baudrate_calculate.o
        40         10          0          1          0        701   delay.o
        56         10          0          0          0       1232   led.o
        68         20          0          0          0      14811   main.o
        36          8        324          0        512        848   startup_msp432p401r_uvision.o
       180         12          0          0          0        570   sysinit.o
        96         20          0          0          0       5069   system_msp432p401r.o
       596        134         24          4          0       5589   tima.o
       160         28         40          4          0       3543   usart.o

    ----------------------------------------------------------------------
      1910        310        420         40       3072      36653   Object Totals
         0          0         32          0          0          0   (incl. Generated)
         2          0          0          3          0          0   (incl. Padding)

    ----------------------------------------------------------------------

      Code (inc. data)   RO Data    RW Data    ZI Data      Debug   Library Member Name

         0          0          0          0          0          0   entry.o
         0          0          0          0          0          0   entry10a.o
         0          0          0          0          0          0   entry11a.o
         4          0          0          0          0          0   entry12b.o
         8          4          0          0          0          0   entry2.o
         4          0          0          0          0          0   entry5.o
         0          0          0          0          0          0   entry7b.o
         0          0          0          0          0          0   entry8b.o
         8          4          0          0          0          0   entry9a.o
        30          0          0          0          0          0   handlers.o
        36          8          0          0          0         68   init.o
         0          0          0          0          0          0   iusefp.o
        30          0          0          0          0         68   llshl.o
        36          0          0          0          0         68   llsshr.o
        32          0          0          0          0         68   llushr.o
        36          0          0          0          0         68   memcpya.o
      2218         90          0          0          0        464   printfa.o
        44          0          0          0          0         80   uidiv.o
        98          0          0          0          0         92   uldiv.o
        48          0          0          0          0         68   cdrcmple.o
       334          0          0          0          0        148   dadd.o
       222          0          0          0          0        100   ddiv.o
       186          0          0          0          0        176   depilogue.o
        48          0          0          0          0         68   dfixul.o
       228          0          0          0          0         96   dmul.o
        38          0          0          0          0         68   f2d.o
       686         40        128          0          0      10944   adc14.o
       580         92          0          8          0       9559   cs.o
       300         30          0          0          0       9705   dma.o
        60          4         76          0          0       1839   gpio.o
       132         20        144          0          0       2460   interrupt.o
        72          8          0          0          0       1537   sysctl_a.o
       256         28          0          0          0       8032   timer_a.o
       228          0          0          0          0       7376   uart.o

    ----------------------------------------------------------------------
      6006        328        348          8          0      53152   Library Totals
         4          0          0          0          0          0   (incl. Padding)

    ----------------------------------------------------------------------

      Code (inc. data)   RO Data    RW Data    ZI Data      Debug   Library Name

      2584        106          0          0          0        976   mc_w.l
      1104          0          0          0          0        724   mf_w.l
      2314        222        348          8          0      51452   msp432p4xx_driverlib.lib

    ----------------------------------------------------------------------
      6006        328        348          8          0      53152   Library Totals

    ----------------------------------------------------------------------

==============================================================================


      Code (inc. data)   RO Data    RW Data    ZI Data      Debug   

      7916        638        768         48       3072      84477   Grand Totals
      7916        638        768         48       3072      84477   ELF Image Totals
      7916        638        768         48          0          0   ROM Totals

==============================================================================

    Total RO  Size (Code + RO Data)                 8684 (   8.48kB)
    Total RW  Size (RW Data + ZI Data)              3120 (   3.05kB)
    Total ROM Size (Code + RO Data + RW Data)       8732 (   8.53kB)

==============================================================================

